  Determining projects to restore...
  All projects are up-to-date for restore.
C:\Users\basant\source\repos\Travai\hotel\travai\travai\DTOs\ApiResponse.cs(14,53): warning CS8625: Cannot convert null literal to non-nullable reference type. [C:\Users\basant\source\repos\Travai\hotel\travai\travai\travai.csproj]
C:\Users\basant\source\repos\Travai\hotel\travai\travai\DTOs\ApiResponse.cs(30,80): warning CS8625: Cannot convert null literal to non-nullable reference type. [C:\Users\basant\source\repos\Travai\hotel\travai\travai\travai.csproj]
C:\Users\basant\source\repos\Travai\hotel\travai\travai\Program.cs(77,36): warning CS8604: Possible null reference argument for parameter 's' in 'byte[] Encoding.GetBytes(string s)'. [C:\Users\basant\source\repos\Travai\hotel\travai\travai\travai.csproj]
C:\Users\basant\source\repos\Travai\hotel\travai\travai\Services\HotelService\HotelService.cs(211,39): warning CS8603: Possible null reference return. [C:\Users\basant\source\repos\Travai\hotel\travai\travai\travai.csproj]
C:\Users\basant\source\repos\Travai\hotel\travai\travai\Services\HotelService\HotelService.cs(223,58): warning CS8602: Dereference of a possibly null reference. [C:\Users\basant\source\repos\Travai\hotel\travai\travai\travai.csproj]
C:\Users\basant\source\repos\Travai\hotel\travai\travai\Controllers\HotelsController.cs(32,89): warning CS8625: Cannot convert null literal to non-nullable reference type. [C:\Users\basant\source\repos\Travai\hotel\travai\travai\travai.csproj]
C:\Users\basant\source\repos\Travai\hotel\travai\travai\Controllers\HotelsController.cs(51,89): warning CS8625: Cannot convert null literal to non-nullable reference type. [C:\Users\basant\source\repos\Travai\hotel\travai\travai\travai.csproj]
C:\Users\basant\source\repos\Travai\hotel\travai\travai\Controllers\HotelsController.cs(58,28): warning CS8601: Possible null reference assignment. [C:\Users\basant\source\repos\Travai\hotel\travai\travai\travai.csproj]
C:\Users\basant\source\repos\Travai\hotel\travai\travai\Controllers\HotelsController.cs(76,89): warning CS8625: Cannot convert null literal to non-nullable reference type. [C:\Users\basant\source\repos\Travai\hotel\travai\travai\travai.csproj]
C:\Users\basant\source\repos\Travai\hotel\travai\travai\Controllers\HotelsController.cs(79,111): warning CS8625: Cannot convert null literal to non-nullable reference type. [C:\Users\basant\source\repos\Travai\hotel\travai\travai\travai.csproj]
C:\Users\basant\source\repos\Travai\hotel\travai\travai\Controllers\HotelsController.cs(97,89): warning CS8625: Cannot convert null literal to non-nullable reference type. [C:\Users\basant\source\repos\Travai\hotel\travai\travai\travai.csproj]
C:\Users\basant\source\repos\Travai\hotel\travai\travai\Controllers\HotelsController.cs(122,89): warning CS8625: Cannot convert null literal to non-nullable reference type. [C:\Users\basant\source\repos\Travai\hotel\travai\travai\travai.csproj]
C:\Users\basant\source\repos\Travai\hotel\travai\travai\Controllers\HotelsController.cs(125,119): warning CS8625: Cannot convert null literal to non-nullable reference type. [C:\Users\basant\source\repos\Travai\hotel\travai\travai\travai.csproj]
C:\Users\basant\source\repos\Travai\hotel\travai\travai\Controllers\HotelsController.cs(156,89): warning CS8625: Cannot convert null literal to non-nullable reference type. [C:\Users\basant\source\repos\Travai\hotel\travai\travai\travai.csproj]
C:\Users\basant\source\repos\Travai\hotel\travai\travai\Controllers\HotelsController.cs(159,119): warning CS8625: Cannot convert null literal to non-nullable reference type. [C:\Users\basant\source\repos\Travai\hotel\travai\travai\travai.csproj]
C:\Users\basant\source\repos\Travai\hotel\travai\travai\Controllers\AdminManagementController.cs(83,163): warning CS8625: Cannot convert null literal to non-nullable reference type. [C:\Users\basant\source\repos\Travai\hotel\travai\travai\travai.csproj]
C:\Users\basant\source\repos\Travai\hotel\travai\travai\Controllers\AdminController.cs(56,104): warning CS8625: Cannot convert null literal to non-nullable reference type. [C:\Users\basant\source\repos\Travai\hotel\travai\travai\travai.csproj]
C:\Users\basant\source\repos\Travai\hotel\travai\travai\Controllers\AdminController.cs(72,104): warning CS8625: Cannot convert null literal to non-nullable reference type. [C:\Users\basant\source\repos\Travai\hotel\travai\travai\travai.csproj]
C:\Users\basant\source\repos\Travai\hotel\travai\travai\Services\HotelService\HotelService.cs(428,21): warning CS8602: Dereference of a possibly null reference. [C:\Users\basant\source\repos\Travai\hotel\travai\travai\travai.csproj]
C:\Users\basant\source\repos\Travai\hotel\travai\travai\Services\HotelService\HotelService.cs(439,21): warning CS8602: Dereference of a possibly null reference. [C:\Users\basant\source\repos\Travai\hotel\travai\travai\travai.csproj]
C:\Users\basant\source\repos\Travai\hotel\travai\travai\Services\HotelService\HotelService.cs(445,28): warning CS8602: Dereference of a possibly null reference. [C:\Users\basant\source\repos\Travai\hotel\travai\travai\travai.csproj]
C:\Users\basant\source\repos\Travai\hotel\travai\travai\Services\HotelService\HotelService.cs(544,58): warning CS8602: Dereference of a possibly null reference. [C:\Users\basant\source\repos\Travai\hotel\travai\travai\travai.csproj]
C:\Users\basant\source\repos\Travai\hotel\travai\travai\Services\Airline\BookingService\BookingService.cs(105,17): warning CS8602: Dereference of a possibly null reference. [C:\Users\basant\source\repos\Travai\hotel\travai\travai\travai.csproj]
C:\Users\basant\source\repos\Travai\hotel\travai\travai\Services\Airline\BookingService\BookingService.cs(150,30): warning CS8601: Possible null reference assignment. [C:\Users\basant\source\repos\Travai\hotel\travai\travai\travai.csproj]
C:\Users\basant\source\repos\Travai\hotel\travai\travai\Services\Airline\BookingService\BookingService.cs(200,34): warning CS8601: Possible null reference assignment. [C:\Users\basant\source\repos\Travai\hotel\travai\travai\travai.csproj]
C:\Users\basant\source\repos\Travai\hotel\travai\travai\Services\Airline\BookingService\BookingService.cs(245,34): warning CS8601: Possible null reference assignment. [C:\Users\basant\source\repos\Travai\hotel\travai\travai\travai.csproj]
C:\Users\basant\source\repos\Travai\hotel\travai\travai\Services\Airline\BookingService\BookingService.cs(289,34): warning CS8601: Possible null reference assignment. [C:\Users\basant\source\repos\Travai\hotel\travai\travai\travai.csproj]
C:\Users\basant\source\repos\Travai\hotel\travai\travai\Data\DbSeeder.cs(207,102): error CS0117: 'BookingStatus' does not contain a definition for 'Active' [C:\Users\basant\source\repos\Travai\hotel\travai\travai\travai.csproj]
C:\Users\basant\source\repos\Travai\hotel\travai\travai\Services\Airline\BookingService\BookingService.cs(336,30): warning CS8601: Possible null reference assignment. [C:\Users\basant\source\repos\Travai\hotel\travai\travai\travai.csproj]
C:\Users\basant\source\repos\Travai\hotel\travai\travai\Services\Airline\BookingService\BookingService.cs(435,30): warning CS8601: Possible null reference assignment. [C:\Users\basant\source\repos\Travai\hotel\travai\travai\travai.csproj]
C:\Users\basant\source\repos\Travai\hotel\travai\travai\Controllers\Airline\WalletController.cs(40,71): warning CS8625: Cannot convert null literal to non-nullable reference type. [C:\Users\basant\source\repos\Travai\hotel\travai\travai\travai.csproj]
C:\Users\basant\source\repos\Travai\hotel\travai\travai\Controllers\Airline\WalletController.cs(73,59): warning CS8625: Cannot convert null literal to non-nullable reference type. [C:\Users\basant\source\repos\Travai\hotel\travai\travai\travai.csproj]
C:\Users\basant\source\repos\Travai\hotel\travai\travai\Controllers\Airline\WalletController.cs(78,71): warning CS8625: Cannot convert null literal to non-nullable reference type. [C:\Users\basant\source\repos\Travai\hotel\travai\travai\travai.csproj]
C:\Users\basant\source\repos\Travai\hotel\travai\travai\Controllers\Airline\WalletController.cs(106,64): warning CS8625: Cannot convert null literal to non-nullable reference type. [C:\Users\basant\source\repos\Travai\hotel\travai\travai\travai.csproj]
C:\Users\basant\source\repos\Travai\hotel\travai\travai\Controllers\Airline\WalletController.cs(103,30): warning CS0168: The variable 'ex' is declared but never used [C:\Users\basant\source\repos\Travai\hotel\travai\travai\travai.csproj]
C:\Users\basant\source\repos\Travai\hotel\travai\travai\Controllers\Airline\FlightController.cs(26,42): warning CS1998: This async method lacks 'await' operators and will run synchronously. Consider using the 'await' operator to await non-blocking API calls, or 'await Task.Run(...)' to do CPU-bound work on a background thread. [C:\Users\basant\source\repos\Travai\hotel\travai\travai\travai.csproj]
C:\Users\basant\source\repos\Travai\hotel\travai\travai\Services\HotelService\HotelService.cs(1376,53): warning CS8629: Nullable value type may be null. [C:\Users\basant\source\repos\Travai\hotel\travai\travai\travai.csproj]
C:\Users\basant\source\repos\Travai\hotel\travai\travai\Services\HotelService\HotelService.cs(1469,38): warning CS8603: Possible null reference return. [C:\Users\basant\source\repos\Travai\hotel\travai\travai\travai.csproj]
C:\Users\basant\source\repos\Travai\hotel\travai\travai\Services\HotelService\HotelService.cs(1470,37): warning CS8603: Possible null reference return. [C:\Users\basant\source\repos\Travai\hotel\travai\travai\travai.csproj]
C:\Users\basant\source\repos\Travai\hotel\travai\travai\Services\TourGuide\TourService.cs(80,38): warning CS8603: Possible null reference return. [C:\Users\basant\source\repos\Travai\hotel\travai\travai\travai.csproj]
C:\Users\basant\source\repos\Travai\hotel\travai\travai\Services\TourGuide\TourService.cs(151,38): warning CS8603: Possible null reference return. [C:\Users\basant\source\repos\Travai\hotel\travai\travai\travai.csproj]
C:\Users\basant\source\repos\Travai\hotel\travai\travai\Controllers\Airline\AirlineAdminUserController.cs(54,57): warning CS8625: Cannot convert null literal to non-nullable reference type. [C:\Users\basant\source\repos\Travai\hotel\travai\travai\travai.csproj]
C:\Users\basant\source\repos\Travai\hotel\travai\travai\Controllers\Airline\AirlineAdminUserController.cs(78,55): warning CS8625: Cannot convert null literal to non-nullable reference type. [C:\Users\basant\source\repos\Travai\hotel\travai\travai\travai.csproj]
C:\Users\basant\source\repos\Travai\hotel\travai\travai\Controllers\Airline\AirlineAdminUserController.cs(87,57): warning CS8625: Cannot convert null literal to non-nullable reference type. [C:\Users\basant\source\repos\Travai\hotel\travai\travai\travai.csproj]
C:\Users\basant\source\repos\Travai\hotel\travai\travai\Controllers\Airline\AirlineAdminUserController.cs(103,55): warning CS8625: Cannot convert null literal to non-nullable reference type. [C:\Users\basant\source\repos\Travai\hotel\travai\travai\travai.csproj]
C:\Users\basant\source\repos\Travai\hotel\travai\travai\Middlewares\ExceptionMiddleware.cs(33,85): warning CS8604: Possible null reference argument for parameter 'item' in 'void List<string>.Add(string item)'. [C:\Users\basant\source\repos\Travai\hotel\travai\travai\travai.csproj]
C:\Users\basant\source\repos\Travai\hotel\travai\travai\Middlewares\ExceptionMiddleware.cs(34,104): warning CS8625: Cannot convert null literal to non-nullable reference type. [C:\Users\basant\source\repos\Travai\hotel\travai\travai\travai.csproj]
C:\Users\basant\source\repos\Travai\hotel\travai\travai\Services\TourGuide\TourService.cs(211,42): warning CS8602: Dereference of a possibly null reference. [C:\Users\basant\source\repos\Travai\hotel\travai\travai\travai.csproj]
C:\Users\basant\source\repos\Travai\hotel\travai\travai\Services\TourGuide\TourService.cs(215,42): warning CS8602: Dereference of a possibly null reference. [C:\Users\basant\source\repos\Travai\hotel\travai\travai\travai.csproj]
C:\Users\basant\source\repos\Travai\hotel\travai\travai\Services\AuthService.cs(259,17): warning CS8604: Possible null reference argument for parameter 's' in 'byte[] Encoding.GetBytes(string s)'. [C:\Users\basant\source\repos\Travai\hotel\travai\travai\travai.csproj]
C:\Users\basant\source\repos\Travai\hotel\travai\travai\Services\AuthService.cs(289,44): warning CS8604: Possible null reference argument for parameter 's' in 'byte[] Encoding.GetBytes(string s)'. [C:\Users\basant\source\repos\Travai\hotel\travai\travai\travai.csproj]
C:\Users\basant\source\repos\Travai\hotel\travai\travai\Repositories\UserRepository\UserRepository.cs(18,20): warning CS8603: Possible null reference return. [C:\Users\basant\source\repos\Travai\hotel\travai\travai\travai.csproj]
C:\Users\basant\source\repos\Travai\hotel\travai\travai\Repositories\UserRepository\UserRepository.cs(24,20): warning CS8603: Possible null reference return. [C:\Users\basant\source\repos\Travai\hotel\travai\travai\travai.csproj]
C:\Users\basant\source\repos\Travai\hotel\travai\travai\Repositories\UserRepository\UserRepository.cs(34,13): warning CS8602: Dereference of a possibly null reference. [C:\Users\basant\source\repos\Travai\hotel\travai\travai\travai.csproj]
C:\Users\basant\source\repos\Travai\hotel\travai\travai\Repositories\UserRepository\UserRepository.cs(41,20): warning CS8603: Possible null reference return. [C:\Users\basant\source\repos\Travai\hotel\travai\travai\travai.csproj]
C:\Users\basant\source\repos\Travai\hotel\travai\travai\Services\TourGuide\TourGuideService.cs(116,37): warning CS8603: Possible null reference return. [C:\Users\basant\source\repos\Travai\hotel\travai\travai\travai.csproj]
C:\Users\basant\source\repos\Travai\hotel\travai\travai\DTOs\Hotel\BookingDtos.cs(75,23): warning CS8618: Non-nullable property 'Action' must contain a non-null value when exiting constructor. Consider adding the 'required' modifier or declaring the property as nullable. [C:\Users\basant\source\repos\Travai\hotel\travai\travai\travai.csproj]
C:\Users\basant\source\repos\Travai\hotel\travai\travai\DTOs\Hotel\BookingDtos.cs(67,23): warning CS8618: Non-nullable property 'Name' must contain a non-null value when exiting constructor. Consider adding the 'required' modifier or declaring the property as nullable. [C:\Users\basant\source\repos\Travai\hotel\travai\travai\travai.csproj]
C:\Users\basant\source\repos\Travai\hotel\travai\travai\DTOs\Hotel\BookingDtos.cs(68,23): warning CS8618: Non-nullable property 'Email' must contain a non-null value when exiting constructor. Consider adding the 'required' modifier or declaring the property as nullable. [C:\Users\basant\source\repos\Travai\hotel\travai\travai\travai.csproj]
C:\Users\basant\source\repos\Travai\hotel\travai\travai\DTOs\Hotel\BookingDtos.cs(57,23): warning CS8618: Non-nullable property 'RoomName' must contain a non-null value when exiting constructor. Consider adding the 'required' modifier or declaring the property as nullable. [C:\Users\basant\source\repos\Travai\hotel\travai\travai\travai.csproj]
C:\Users\basant\source\repos\Travai\hotel\travai\travai\DTOs\Hotel\BookingDtos.cs(58,23): warning CS8618: Non-nullable property 'MealPlan' must contain a non-null value when exiting constructor. Consider adding the 'required' modifier or declaring the property as nullable. [C:\Users\basant\source\repos\Travai\hotel\travai\travai\travai.csproj]
C:\Users\basant\source\repos\Travai\hotel\travai\travai\Services\TourGuide\TourGuideService.cs(131,37): warning CS8603: Possible null reference return. [C:\Users\basant\source\repos\Travai\hotel\travai\travai\travai.csproj]
C:\Users\basant\source\repos\Travai\hotel\travai\travai\DTOs\Hotel\BookingDtos.cs(35,23): warning CS8618: Non-nullable property 'HotelName' must contain a non-null value when exiting constructor. Consider adding the 'required' modifier or declaring the property as nullable. [C:\Users\basant\source\repos\Travai\hotel\travai\travai\travai.csproj]
C:\Users\basant\source\repos\Travai\hotel\travai\travai\DTOs\Hotel\BookingDtos.cs(36,23): warning CS8618: Non-nullable property 'PropertyType' must contain a non-null value when exiting constructor. Consider adding the 'required' modifier or declaring the property as nullable. [C:\Users\basant\source\repos\Travai\hotel\travai\travai\travai.csproj]
C:\Users\basant\source\repos\Travai\hotel\travai\travai\DTOs\Hotel\BookingDtos.cs(45,23): warning CS8618: Non-nullable property 'PaymentStatus' must contain a non-null value when exiting constructor. Consider adding the 'required' modifier or declaring the property as nullable. [C:\Users\basant\source\repos\Travai\hotel\travai\travai\travai.csproj]
C:\Users\basant\source\repos\Travai\hotel\travai\travai\DTOs\Hotel\BookingDtos.cs(46,23): warning CS8618: Non-nullable property 'Status' must contain a non-null value when exiting constructor. Consider adding the 'required' modifier or declaring the property as nullable. [C:\Users\basant\source\repos\Travai\hotel\travai\travai\travai.csproj]
C:\Users\basant\source\repos\Travai\hotel\travai\travai\DTOs\Hotel\BookingDtos.cs(50,37): warning CS8618: Non-nullable property 'Rooms' must contain a non-null value when exiting constructor. Consider adding the 'required' modifier or declaring the property as nullable. [C:\Users\basant\source\repos\Travai\hotel\travai\travai\travai.csproj]
C:\Users\basant\source\repos\Travai\hotel\travai\travai\DTOs\Hotel\BookingDtos.cs(51,31): warning CS8618: Non-nullable property 'User' must contain a non-null value when exiting constructor. Consider adding the 'required' modifier or declaring the property as nullable. [C:\Users\basant\source\repos\Travai\hotel\travai\travai\travai.csproj]
C:\Users\basant\source\repos\Travai\hotel\travai\travai\DTOs\Hotel\BookingDtos.cs(20,47): warning CS8618: Non-nullable property 'Rooms' must contain a non-null value when exiting constructor. Consider adding the 'required' modifier or declaring the property as nullable. [C:\Users\basant\source\repos\Travai\hotel\travai\travai\travai.csproj]
C:\Users\basant\source\repos\Travai\hotel\travai\travai\DTOs\AuthDtos.cs(70,23): warning CS8618: Non-nullable property 'Name' must contain a non-null value when exiting constructor. Consider adding the 'required' modifier or declaring the property as nullable. [C:\Users\basant\source\repos\Travai\hotel\travai\travai\travai.csproj]
C:\Users\basant\source\repos\Travai\hotel\travai\travai\DTOs\AuthDtos.cs(71,23): warning CS8618: Non-nullable property 'Email' must contain a non-null value when exiting constructor. Consider adding the 'required' modifier or declaring the property as nullable. [C:\Users\basant\source\repos\Travai\hotel\travai\travai\travai.csproj]
C:\Users\basant\source\repos\Travai\hotel\travai\travai\DTOs\AuthDtos.cs(72,23): warning CS8618: Non-nullable property 'UserName' must contain a non-null value when exiting constructor. Consider adding the 'required' modifier or declaring the property as nullable. [C:\Users\basant\source\repos\Travai\hotel\travai\travai\travai.csproj]
C:\Users\basant\source\repos\Travai\hotel\travai\travai\DTOs\AuthDtos.cs(73,23): warning CS8618: Non-nullable property 'Role' must contain a non-null value when exiting constructor. Consider adding the 'required' modifier or declaring the property as nullable. [C:\Users\basant\source\repos\Travai\hotel\travai\travai\travai.csproj]
C:\Users\basant\source\repos\Travai\hotel\travai\travai\DTOs\AuthDtos.cs(79,23): warning CS8618: Non-nullable property 'Status' must contain a non-null value when exiting constructor. Consider adding the 'required' modifier or declaring the property as nullable. [C:\Users\basant\source\repos\Travai\hotel\travai\travai\travai.csproj]
C:\Users\basant\source\repos\Travai\hotel\travai\travai\DTOs\AuthDtos.cs(65,23): warning CS8618: Non-nullable property 'RefreshToken' must contain a non-null value when exiting constructor. Consider adding the 'required' modifier or declaring the property as nullable. [C:\Users\basant\source\repos\Travai\hotel\travai\travai\travai.csproj]
C:\Users\basant\source\repos\Travai\hotel\travai\travai\DTOs\AuthDtos.cs(59,23): warning CS8618: Non-nullable property 'Token' must contain a non-null value when exiting constructor. Consider adding the 'required' modifier or declaring the property as nullable. [C:\Users\basant\source\repos\Travai\hotel\travai\travai\travai.csproj]
C:\Users\basant\source\repos\Travai\hotel\travai\travai\DTOs\AuthDtos.cs(60,23): warning CS8618: Non-nullable property 'RefreshToken' must contain a non-null value when exiting constructor. Consider adding the 'required' modifier or declaring the property as nullable. [C:\Users\basant\source\repos\Travai\hotel\travai\travai\travai.csproj]
C:\Users\basant\source\repos\Travai\hotel\travai\travai\DTOs\AuthDtos.cs(54,23): warning CS8618: Non-nullable property 'Email' must contain a non-null value when exiting constructor. Consider adding the 'required' modifier or declaring the property as nullable. [C:\Users\basant\source\repos\Travai\hotel\travai\travai\travai.csproj]
C:\Users\basant\source\repos\Travai\hotel\travai\travai\DTOs\AuthDtos.cs(55,23): warning CS8618: Non-nullable property 'Password' must contain a non-null value when exiting constructor. Consider adding the 'required' modifier or declaring the property as nullable. [C:\Users\basant\source\repos\Travai\hotel\travai\travai\travai.csproj]
C:\Users\basant\source\repos\Travai\hotel\travai\travai\DTOs\AuthDtos.cs(18,23): warning CS8618: Non-nullable property 'UserName' must contain a non-null value when exiting constructor. Consider adding the 'required' modifier or declaring the property as nullable. [C:\Users\basant\source\repos\Travai\hotel\travai\travai\travai.csproj]
C:\Users\basant\source\repos\Travai\hotel\travai\travai\DTOs\AuthDtos.cs(21,23): warning CS8618: Non-nullable property 'Name' must contain a non-null value when exiting constructor. Consider adding the 'required' modifier or declaring the property as nullable. [C:\Users\basant\source\repos\Travai\hotel\travai\travai\travai.csproj]
C:\Users\basant\source\repos\Travai\hotel\travai\travai\DTOs\AuthDtos.cs(25,23): warning CS8618: Non-nullable property 'Email' must contain a non-null value when exiting constructor. Consider adding the 'required' modifier or declaring the property as nullable. [C:\Users\basant\source\repos\Travai\hotel\travai\travai\travai.csproj]
C:\Users\basant\source\repos\Travai\hotel\travai\travai\DTOs\AuthDtos.cs(29,23): warning CS8618: Non-nullable property 'Password' must contain a non-null value when exiting constructor. Consider adding the 'required' modifier or declaring the property as nullable. [C:\Users\basant\source\repos\Travai\hotel\travai\travai\travai.csproj]
C:\Users\basant\source\repos\Travai\hotel\travai\travai\DTOs\AuthDtos.cs(37,23): warning CS8618: Non-nullable property 'Gender' must contain a non-null value when exiting constructor. Consider adding the 'required' modifier or declaring the property as nullable. [C:\Users\basant\source\repos\Travai\hotel\travai\travai\travai.csproj]
C:\Users\basant\source\repos\Travai\hotel\travai\travai\DTOs\AuthDtos.cs(45,23): warning CS8618: Non-nullable property 'PhoneNumber' must contain a non-null value when exiting constructor. Consider adding the 'required' modifier or declaring the property as nullable. [C:\Users\basant\source\repos\Travai\hotel\travai\travai\travai.csproj]
C:\Users\basant\source\repos\Travai\hotel\travai\travai\DTOs\AuthDtos.cs(7,23): warning CS8618: Non-nullable property 'Token' must contain a non-null value when exiting constructor. Consider adding the 'required' modifier or declaring the property as nullable. [C:\Users\basant\source\repos\Travai\hotel\travai\travai\travai.csproj]
C:\Users\basant\source\repos\Travai\hotel\travai\travai\DTOs\AuthDtos.cs(8,23): warning CS8618: Non-nullable property 'RefreshToken' must contain a non-null value when exiting constructor. Consider adding the 'required' modifier or declaring the property as nullable. [C:\Users\basant\source\repos\Travai\hotel\travai\travai\travai.csproj]
C:\Users\basant\source\repos\Travai\hotel\travai\travai\DTOs\AuthDtos.cs(11,23): warning CS8618: Non-nullable property 'Email' must contain a non-null value when exiting constructor. Consider adding the 'required' modifier or declaring the property as nullable. [C:\Users\basant\source\repos\Travai\hotel\travai\travai\travai.csproj]
C:\Users\basant\source\repos\Travai\hotel\travai\travai\DTOs\AuthDtos.cs(12,23): warning CS8618: Non-nullable property 'Role' must contain a non-null value when exiting constructor. Consider adding the 'required' modifier or declaring the property as nullable. [C:\Users\basant\source\repos\Travai\hotel\travai\travai\travai.csproj]
C:\Users\basant\source\repos\Travai\hotel\travai\travai\DTOs\ApiResponse.cs(12,16): warning CS8618: Non-nullable property 'Message' must contain a non-null value when exiting constructor. Consider adding the 'required' modifier or declaring the property as nullable. [C:\Users\basant\source\repos\Travai\hotel\travai\travai\travai.csproj]
C:\Users\basant\source\repos\Travai\hotel\travai\travai\DTOs\ApiResponse.cs(12,16): warning CS8618: Non-nullable property 'Data' must contain a non-null value when exiting constructor. Consider adding the 'required' modifier or declaring the property as nullable. [C:\Users\basant\source\repos\Travai\hotel\travai\travai\travai.csproj]
C:\Users\basant\source\repos\Travai\hotel\travai\travai\DTOs\ApiResponse.cs(12,16): warning CS8618: Non-nullable property 'Errors' must contain a non-null value when exiting constructor. Consider adding the 'required' modifier or declaring the property as nullable. [C:\Users\basant\source\repos\Travai\hotel\travai\travai\travai.csproj]
C:\Users\basant\source\repos\Travai\hotel\travai\travai\DTOs\ApiResponse.cs(19,22): warning CS8625: Cannot convert null literal to non-nullable reference type. [C:\Users\basant\source\repos\Travai\hotel\travai\travai\travai.csproj]
C:\Users\basant\source\repos\Travai\hotel\travai\travai\DTOs\ApiResponse.cs(14,16): warning CS8618: Non-nullable property 'Errors' must contain a non-null value when exiting constructor. Consider adding the 'required' modifier or declaring the property as nullable. [C:\Users\basant\source\repos\Travai\hotel\travai\travai\travai.csproj]
C:\Users\basant\source\repos\Travai\hotel\travai\travai\DTOs\ApiResponse.cs(26,20): warning CS8601: Possible null reference assignment. [C:\Users\basant\source\repos\Travai\hotel\travai\travai\travai.csproj]
C:\Users\basant\source\repos\Travai\hotel\travai\travai\DTOs\ApiResponse.cs(27,22): warning CS8625: Cannot convert null literal to non-nullable reference type. [C:\Users\basant\source\repos\Travai\hotel\travai\travai\travai.csproj]
C:\Users\basant\source\repos\Travai\hotel\travai\travai\DTOs\ApiResponse.cs(22,16): warning CS8618: Non-nullable property 'Data' must contain a non-null value when exiting constructor. Consider adding the 'required' modifier or declaring the property as nullable. [C:\Users\basant\source\repos\Travai\hotel\travai\travai\travai.csproj]
C:\Users\basant\source\repos\Travai\hotel\travai\travai\DTOs\ApiResponse.cs(22,16): warning CS8618: Non-nullable property 'Errors' must contain a non-null value when exiting constructor. Consider adding the 'required' modifier or declaring the property as nullable. [C:\Users\basant\source\repos\Travai\hotel\travai\travai\travai.csproj]
C:\Users\basant\source\repos\Travai\hotel\travai\travai\DTOs\ApiResponse.cs(34,20): warning CS8601: Possible null reference assignment. [C:\Users\basant\source\repos\Travai\hotel\travai\travai\travai.csproj]
C:\Users\basant\source\repos\Travai\hotel\travai\travai\DTOs\ApiResponse.cs(30,16): warning CS8618: Non-nullable property 'Data' must contain a non-null value when exiting constructor. Consider adding the 'required' modifier or declaring the property as nullable. [C:\Users\basant\source\repos\Travai\hotel\travai\travai\travai.csproj]
C:\Users\basant\source\repos\Travai\hotel\travai\travai\Models\UserPhone.cs(17,21): warning CS8618: Non-nullable property 'User' must contain a non-null value when exiting constructor. Consider adding the 'required' modifier or declaring the property as nullable. [C:\Users\basant\source\repos\Travai\hotel\travai\travai\travai.csproj]
C:\Users\basant\source\repos\Travai\hotel\travai\travai\Models\UserPhone.cs(21,23): warning CS8618: Non-nullable property 'PhoneNumber' must contain a non-null value when exiting constructor. Consider adding the 'required' modifier or declaring the property as nullable. [C:\Users\basant\source\repos\Travai\hotel\travai\travai\travai.csproj]
C:\Users\basant\source\repos\Travai\hotel\travai\travai\Models\User.cs(13,23): warning CS8618: Non-nullable property 'UserName' must contain a non-null value when exiting constructor. Consider adding the 'required' modifier or declaring the property as nullable. [C:\Users\basant\source\repos\Travai\hotel\travai\travai\travai.csproj]
C:\Users\basant\source\repos\Travai\hotel\travai\travai\Models\User.cs(14,23): warning CS8618: Non-nullable property 'Name' must contain a non-null value when exiting constructor. Consider adding the 'required' modifier or declaring the property as nullable. [C:\Users\basant\source\repos\Travai\hotel\travai\travai\travai.csproj]
C:\Users\basant\source\repos\Travai\hotel\travai\travai\Models\User.cs(15,23): warning CS8618: Non-nullable property 'Email' must contain a non-null value when exiting constructor. Consider adding the 'required' modifier or declaring the property as nullable. [C:\Users\basant\source\repos\Travai\hotel\travai\travai\travai.csproj]
C:\Users\basant\source\repos\Travai\hotel\travai\travai\Models\User.cs(16,23): warning CS8618: Non-nullable property 'PasswordHash' must contain a non-null value when exiting constructor. Consider adding the 'required' modifier or declaring the property as nullable. [C:\Users\basant\source\repos\Travai\hotel\travai\travai\travai.csproj]
C:\Users\basant\source\repos\Travai\hotel\travai\travai\Models\RefreshToken.cs(6,23): warning CS8618: Non-nullable property 'Token' must contain a non-null value when exiting constructor. Consider adding the 'required' modifier or declaring the property as nullable. [C:\Users\basant\source\repos\Travai\hotel\travai\travai\travai.csproj]
C:\Users\basant\source\repos\Travai\hotel\travai\travai\Models\RefreshToken.cs(9,23): warning CS8618: Non-nullable property 'CreatedByIp' must contain a non-null value when exiting constructor. Consider adding the 'required' modifier or declaring the property as nullable. [C:\Users\basant\source\repos\Travai\hotel\travai\travai\travai.csproj]
C:\Users\basant\source\repos\Travai\hotel\travai\travai\Models\RefreshToken.cs(17,21): warning CS8618: Non-nullable property 'User' must contain a non-null value when exiting constructor. Consider adding the 'required' modifier or declaring the property as nullable. [C:\Users\basant\source\repos\Travai\hotel\travai\travai\travai.csproj]
C:\Users\basant\source\repos\Travai\hotel\travai\travai\Models\Hotels\HotelPolicy.cs(16,22): warning CS8618: Non-nullable property 'Hotel' must contain a non-null value when exiting constructor. Consider adding the 'required' modifier or declaring the property as nullable. [C:\Users\basant\source\repos\Travai\hotel\travai\travai\travai.csproj]
C:\Users\basant\source\repos\Travai\hotel\travai\travai\Models\Hotels\HotelModels.cs(265,28): warning CS8618: Non-nullable property 'HotelPolicy' must contain a non-null value when exiting constructor. Consider adding the 'required' modifier or declaring the property as nullable. [C:\Users\basant\source\repos\Travai\hotel\travai\travai\travai.csproj]
C:\Users\basant\source\repos\Travai\hotel\travai\travai\Models\Hotels\HotelModels.cs(243,22): warning CS8618: Non-nullable property 'Hotel' must contain a non-null value when exiting constructor. Consider adding the 'required' modifier or declaring the property as nullable. [C:\Users\basant\source\repos\Travai\hotel\travai\travai\travai.csproj]
C:\Users\basant\source\repos\Travai\hotel\travai\travai\Models\Hotels\HotelModels.cs(247,21): warning CS8618: Non-nullable property 'User' must contain a non-null value when exiting constructor. Consider adding the 'required' modifier or declaring the property as nullable. [C:\Users\basant\source\repos\Travai\hotel\travai\travai\travai.csproj]
C:\Users\basant\source\repos\Travai\hotel\travai\travai\Models\Hotels\HotelModels.cs(228,22): warning CS8618: Non-nullable property 'Hotel' must contain a non-null value when exiting constructor. Consider adding the 'required' modifier or declaring the property as nullable. [C:\Users\basant\source\repos\Travai\hotel\travai\travai\travai.csproj]
C:\Users\basant\source\repos\Travai\hotel\travai\travai\Models\Hotels\HotelModels.cs(230,23): warning CS8618: Non-nullable property 'ImageUrl' must contain a non-null value when exiting constructor. Consider adding the 'required' modifier or declaring the property as nullable. [C:\Users\basant\source\repos\Travai\hotel\travai\travai\travai.csproj]
C:\Users\basant\source\repos\Travai\hotel\travai\travai\Models\Hotels\HotelModels.cs(195,22): warning CS8618: Non-nullable property 'Hotel' must contain a non-null value when exiting constructor. Consider adding the 'required' modifier or declaring the property as nullable. [C:\Users\basant\source\repos\Travai\hotel\travai\travai\travai.csproj]
C:\Users\basant\source\repos\Travai\hotel\travai\travai\Models\Hotels\HotelModels.cs(168,22): warning CS8618: Non-nullable property 'Hotel' must contain a non-null value when exiting constructor. Consider adding the 'required' modifier or declaring the property as nullable. [C:\Users\basant\source\repos\Travai\hotel\travai\travai\travai.csproj]
C:\Users\basant\source\repos\Travai\hotel\travai\travai\Models\Hotels\HotelModels.cs(172,24): warning CS8618: Non-nullable property 'Amenity' must contain a non-null value when exiting constructor. Consider adding the 'required' modifier or declaring the property as nullable. [C:\Users\basant\source\repos\Travai\hotel\travai\travai\travai.csproj]
C:\Users\basant\source\repos\Travai\hotel\travai\travai\Models\Hotels\HotelModels.cs(152,23): warning CS8618: Non-nullable property 'Name' must contain a non-null value when exiting constructor. Consider adding the 'required' modifier or declaring the property as nullable. [C:\Users\basant\source\repos\Travai\hotel\travai\travai\travai.csproj]
C:\Users\basant\source\repos\Travai\hotel\travai\travai\Models\Hotels\HotelModels.cs(137,22): warning CS8618: Non-nullable property 'Hotel' must contain a non-null value when exiting constructor. Consider adding the 'required' modifier or declaring the property as nullable. [C:\Users\basant\source\repos\Travai\hotel\travai\travai\travai.csproj]
C:\Users\basant\source\repos\Travai\hotel\travai\travai\Models\Hotels\HotelModels.cs(141,37): warning CS8618: Non-nullable property 'FieldDefinition' must contain a non-null value when exiting constructor. Consider adding the 'required' modifier or declaring the property as nullable. [C:\Users\basant\source\repos\Travai\hotel\travai\travai\travai.csproj]
C:\Users\basant\source\repos\Travai\hotel\travai\travai\Models\Hotels\HotelModels.cs(119,23): warning CS8618: Non-nullable property 'KeyName' must contain a non-null value when exiting constructor. Consider adding the 'required' modifier or declaring the property as nullable. [C:\Users\basant\source\repos\Travai\hotel\travai\travai\travai.csproj]
C:\Users\basant\source\repos\Travai\hotel\travai\travai\Models\Hotels\HotelModels.cs(120,23): warning CS8618: Non-nullable property 'DisplayName' must contain a non-null value when exiting constructor. Consider adding the 'required' modifier or declaring the property as nullable. [C:\Users\basant\source\repos\Travai\hotel\travai\travai\travai.csproj]
C:\Users\basant\source\repos\Travai\hotel\travai\travai\Models\Hotels\HotelModels.cs(102,22): warning CS8618: Non-nullable property 'Hotel' must contain a non-null value when exiting constructor. Consider adding the 'required' modifier or declaring the property as nullable. [C:\Users\basant\source\repos\Travai\hotel\travai\travai\travai.csproj]
C:\Users\basant\source\repos\Travai\hotel\travai\travai\Models\Hotels\HotelModels.cs(106,39): warning CS8618: Non-nullable property 'DocumentType' must contain a non-null value when exiting constructor. Consider adding the 'required' modifier or declaring the property as nullable. [C:\Users\basant\source\repos\Travai\hotel\travai\travai\travai.csproj]
C:\Users\basant\source\repos\Travai\hotel\travai\travai\Models\Hotels\HotelModels.cs(108,23): warning CS8618: Non-nullable property 'FileUrl' must contain a non-null value when exiting constructor. Consider adding the 'required' modifier or declaring the property as nullable. [C:\Users\basant\source\repos\Travai\hotel\travai\travai\travai.csproj]
C:\Users\basant\source\repos\Travai\hotel\travai\travai\Models\Hotels\HotelModels.cs(85,23): warning CS8618: Non-nullable property 'Name' must contain a non-null value when exiting constructor. Consider adding the 'required' modifier or declaring the property as nullable. [C:\Users\basant\source\repos\Travai\hotel\travai\travai\travai.csproj]
C:\Users\basant\source\repos\Travai\hotel\travai\travai\Models\Hotels\HotelModels.cs(86,23): warning CS8618: Non-nullable property 'KeyName' must contain a non-null value when exiting constructor. Consider adding the 'required' modifier or declaring the property as nullable. [C:\Users\basant\source\repos\Travai\hotel\travai\travai\travai.csproj]
C:\Users\basant\source\repos\Travai\hotel\travai\travai\Models\Hotels\HotelModels.cs(72,22): warning CS8618: Non-nullable property 'Hotel' must contain a non-null value when exiting constructor. Consider adding the 'required' modifier or declaring the property as nullable. [C:\Users\basant\source\repos\Travai\hotel\travai\travai\travai.csproj]
C:\Users\basant\source\repos\Travai\hotel\travai\travai\Models\Hotels\HotelModels.cs(75,23): warning CS8618: Non-nullable property 'ContactValue' must contain a non-null value when exiting constructor. Consider adding the 'required' modifier or declaring the property as nullable. [C:\Users\basant\source\repos\Travai\hotel\travai\travai\travai.csproj]
C:\Users\basant\source\repos\Travai\hotel\travai\travai\Models\Hotels\HotelModels.cs(19,21): warning CS8618: Non-nullable property 'User' must contain a non-null value when exiting constructor. Consider adding the 'required' modifier or declaring the property as nullable. [C:\Users\basant\source\repos\Travai\hotel\travai\travai\travai.csproj]
C:\Users\basant\source\repos\Travai\hotel\travai\travai\Models\Hotels\HotelModels.cs(22,23): warning CS8618: Non-nullable property 'HotelName' must contain a non-null value when exiting constructor. Consider adding the 'required' modifier or declaring the property as nullable. [C:\Users\basant\source\repos\Travai\hotel\travai\travai\travai.csproj]
C:\Users\basant\source\repos\Travai\hotel\travai\travai\Models\Hotels\Bookings\HotelBookingModels.cs(49,29): warning CS8618: Non-nullable property 'Booking' must contain a non-null value when exiting constructor. Consider adding the 'required' modifier or declaring the property as nullable. [C:\Users\basant\source\repos\Travai\hotel\travai\travai\travai.csproj]
C:\Users\basant\source\repos\Travai\hotel\travai\travai\Models\Hotels\Bookings\HotelBookingModels.cs(15,21): warning CS8618: Non-nullable property 'User' must contain a non-null value when exiting constructor. Consider adding the 'required' modifier or declaring the property as nullable. [C:\Users\basant\source\repos\Travai\hotel\travai\travai\travai.csproj]
C:\Users\basant\source\repos\Travai\hotel\travai\travai\Models\Hotels\Bookings\HotelBookingModels.cs(19,22): warning CS8618: Non-nullable property 'Hotel' must contain a non-null value when exiting constructor. Consider adding the 'required' modifier or declaring the property as nullable. [C:\Users\basant\source\repos\Travai\hotel\travai\travai\travai.csproj]
C:\Users\basant\source\repos\Travai\hotel\travai\travai\Repositories\GenericRepository\GenericRepository.cs(19,20): warning CS8603: Possible null reference return. [C:\Users\basant\source\repos\Travai\hotel\travai\travai\travai.csproj]
C:\Users\basant\source\repos\Travai\hotel\travai\travai\Repositories\GenericRepository\GenericRepository.cs(24,20): warning CS8603: Possible null reference return. [C:\Users\basant\source\repos\Travai\hotel\travai\travai\travai.csproj]
C:\Users\basant\source\repos\Travai\hotel\travai\travai\Services\TourGuide\TourGuideService.cs(314,28): warning CS8602: Dereference of a possibly null reference. [C:\Users\basant\source\repos\Travai\hotel\travai\travai\travai.csproj]
C:\Users\basant\source\repos\Travai\hotel\travai\travai\Services\TourGuide\TourGuideService.cs(316,23): warning CS8601: Possible null reference assignment. [C:\Users\basant\source\repos\Travai\hotel\travai\travai\travai.csproj]
C:\Users\basant\source\repos\Travai\hotel\travai\travai\Services\TourGuide\TourGuideService.cs(317,29): warning CS8601: Possible null reference assignment. [C:\Users\basant\source\repos\Travai\hotel\travai\travai\travai.csproj]
C:\Users\basant\source\repos\Travai\hotel\travai\travai\Services\TourGuide\TourGuideService.cs(318,31): warning CS8601: Possible null reference assignment. [C:\Users\basant\source\repos\Travai\hotel\travai\travai\travai.csproj]
C:\Users\basant\source\repos\Travai\hotel\travai\travai\Services\TourGuide\TourGuideService.cs(319,39): warning CS8601: Possible null reference assignment. [C:\Users\basant\source\repos\Travai\hotel\travai\travai\travai.csproj]
C:\Users\basant\source\repos\Travai\hotel\travai\travai\Services\TourGuide\TourGuideService.cs(320,38): warning CS8601: Possible null reference assignment. [C:\Users\basant\source\repos\Travai\hotel\travai\travai\travai.csproj]
C:\Users\basant\source\repos\Travai\hotel\travai\travai\Services\TourGuide\TourGuideService.cs(321,33): warning CS8601: Possible null reference assignment. [C:\Users\basant\source\repos\Travai\hotel\travai\travai\travai.csproj]
C:\Users\basant\source\repos\Travai\hotel\travai\travai\Services\TourGuide\TourGuideService.cs(323,35): warning CS8601: Possible null reference assignment. [C:\Users\basant\source\repos\Travai\hotel\travai\travai\travai.csproj]
C:\Users\basant\source\repos\Travai\hotel\travai\travai\DTOs\TourGuide\WithdrawRequest\WithdrawRequestResponseDto.cs(10,23): warning CS8618: Non-nullable property 'TourGuideName' must contain a non-null value when exiting constructor. Consider adding the 'required' modifier or declaring the property as nullable. [C:\Users\basant\source\repos\Travai\hotel\travai\travai\travai.csproj]
C:\Users\basant\source\repos\Travai\hotel\travai\travai\DTOs\TourGuide\WithdrawRequest\WithdrawRequestResponseDto.cs(12,23): warning CS8618: Non-nullable property 'Status' must contain a non-null value when exiting constructor. Consider adding the 'required' modifier or declaring the property as nullable. [C:\Users\basant\source\repos\Travai\hotel\travai\travai\travai.csproj]
C:\Users\basant\source\repos\Travai\hotel\travai\travai\DTOs\TourGuide\WithdrawRequest\ProcessWithdrawRequestDto.cs(10,23): warning CS8618: Non-nullable property 'Status' must contain a non-null value when exiting constructor. Consider adding the 'required' modifier or declaring the property as nullable. [C:\Users\basant\source\repos\Travai\hotel\travai\travai\travai.csproj]
C:\Users\basant\source\repos\Travai\hotel\travai\travai\DTOs\TourGuide\UrgentRequest\UrgentRequestResponseDto.cs(10,23): warning CS8618: Non-nullable property 'TourGuideName' must contain a non-null value when exiting constructor. Consider adding the 'required' modifier or declaring the property as nullable. [C:\Users\basant\source\repos\Travai\hotel\travai\travai\travai.csproj]
C:\Users\basant\source\repos\Travai\hotel\travai\travai\DTOs\TourGuide\UrgentRequest\UrgentRequestResponseDto.cs(12,23): warning CS8618: Non-nullable property 'TourTitle' must contain a non-null value when exiting constructor. Consider adding the 'required' modifier or declaring the property as nullable. [C:\Users\basant\source\repos\Travai\hotel\travai\travai\travai.csproj]
C:\Users\basant\source\repos\Travai\hotel\travai\travai\DTOs\TourGuide\UrgentRequest\UrgentRequestResponseDto.cs(13,23): warning CS8618: Non-nullable property 'Reason' must contain a non-null value when exiting constructor. Consider adding the 'required' modifier or declaring the property as nullable. [C:\Users\basant\source\repos\Travai\hotel\travai\travai\travai.csproj]
C:\Users\basant\source\repos\Travai\hotel\travai\travai\DTOs\TourGuide\UrgentRequest\UrgentRequestResponseDto.cs(15,23): warning CS8618: Non-nullable property 'Status' must contain a non-null value when exiting constructor. Consider adding the 'required' modifier or declaring the property as nullable. [C:\Users\basant\source\repos\Travai\hotel\travai\travai\travai.csproj]
C:\Users\basant\source\repos\Travai\hotel\travai\travai\DTOs\TourGuide\UrgentRequest\UrgentRequestDtos.cs(20,23): warning CS8618: Non-nullable property 'Status' must contain a non-null value when exiting constructor. Consider adding the 'required' modifier or declaring the property as nullable. [C:\Users\basant\source\repos\Travai\hotel\travai\travai\travai.csproj]
C:\Users\basant\source\repos\Travai\hotel\travai\travai\DTOs\TourGuide\UrgentRequest\UrgentRequestDtos.cs(12,23): warning CS8618: Non-nullable property 'Reason' must contain a non-null value when exiting constructor. Consider adding the 'required' modifier or declaring the property as nullable. [C:\Users\basant\source\repos\Travai\hotel\travai\travai\travai.csproj]
C:\Users\basant\source\repos\Travai\hotel\travai\travai\DTOs\TourGuide\Tour\TourResponseDto.cs(50,23): warning CS8618: Non-nullable property 'ImageUrl' must contain a non-null value when exiting constructor. Consider adding the 'required' modifier or declaring the property as nullable. [C:\Users\basant\source\repos\Travai\hotel\travai\travai\travai.csproj]
C:\Users\basant\source\repos\Travai\hotel\travai\travai\DTOs\TourGuide\Tour\TourResponseDto.cs(13,23): warning CS8618: Non-nullable property 'TourGuideName' must contain a non-null value when exiting constructor. Consider adding the 'required' modifier or declaring the property as nullable. [C:\Users\basant\source\repos\Travai\hotel\travai\travai\travai.csproj]
C:\Users\basant\source\repos\Travai\hotel\travai\travai\DTOs\TourGuide\Tour\TourResponseDto.cs(15,23): warning CS8618: Non-nullable property 'TourTitle' must contain a non-null value when exiting constructor. Consider adding the 'required' modifier or declaring the property as nullable. [C:\Users\basant\source\repos\Travai\hotel\travai\travai\travai.csproj]
C:\Users\basant\source\repos\Travai\hotel\travai\travai\DTOs\TourGuide\Tour\TourResponseDto.cs(19,23): warning CS8618: Non-nullable property 'Currency' must contain a non-null value when exiting constructor. Consider adding the 'required' modifier or declaring the property as nullable. [C:\Users\basant\source\repos\Travai\hotel\travai\travai\travai.csproj]
C:\Users\basant\source\repos\Travai\hotel\travai\travai\DTOs\TourGuide\Tour\TourDto.cs(54,23): warning CS8618: Non-nullable property 'ImageUrl' must contain a non-null value when exiting constructor. Consider adding the 'required' modifier or declaring the property as nullable. [C:\Users\basant\source\repos\Travai\hotel\travai\travai\travai.csproj]
C:\Users\basant\source\repos\Travai\hotel\travai\travai\DTOs\TourGuide\Tour\TourDto.cs(15,23): warning CS8618: Non-nullable property 'TourTitle' must contain a non-null value when exiting constructor. Consider adding the 'required' modifier or declaring the property as nullable. [C:\Users\basant\source\repos\Travai\hotel\travai\travai\travai.csproj]
C:\Users\basant\source\repos\Travai\hotel\travai\travai\DTOs\TourGuide\TourGuide\UpdateLicenseDto.cs(8,23): warning CS8618: Non-nullable property 'LicenseIdFrontPhoto' must contain a non-null value when exiting constructor. Consider adding the 'required' modifier or declaring the property as nullable. [C:\Users\basant\source\repos\Travai\hotel\travai\travai\travai.csproj]
C:\Users\basant\source\repos\Travai\hotel\travai\travai\DTOs\TourGuide\TourGuide\UpdateLicenseDto.cs(9,23): warning CS8618: Non-nullable property 'LicenseIdBackPhoto' must contain a non-null value when exiting constructor. Consider adding the 'required' modifier or declaring the property as nullable. [C:\Users\basant\source\repos\Travai\hotel\travai\travai\travai.csproj]
C:\Users\basant\source\repos\Travai\hotel\travai\travai\DTOs\TourGuide\TourGuide\TourGuideResponseDto.cs(49,23): warning CS8618: Non-nullable property 'City' must contain a non-null value when exiting constructor. Consider adding the 'required' modifier or declaring the property as nullable. [C:\Users\basant\source\repos\Travai\hotel\travai\travai\travai.csproj]
C:\Users\basant\source\repos\Travai\hotel\travai\travai\DTOs\TourGuide\TourGuide\TourGuideResponseDto.cs(38,23): warning CS8618: Non-nullable property 'PhoneNumber' must contain a non-null value when exiting constructor. Consider adding the 'required' modifier or declaring the property as nullable. [C:\Users\basant\source\repos\Travai\hotel\travai\travai\travai.csproj]
C:\Users\basant\source\repos\Travai\hotel\travai\travai\DTOs\TourGuide\TourGuide\TourGuideResponseDto.cs(32,23): warning CS8618: Non-nullable property 'Email' must contain a non-null value when exiting constructor. Consider adding the 'required' modifier or declaring the property as nullable. [C:\Users\basant\source\repos\Travai\hotel\travai\travai\travai.csproj]
C:\Users\basant\source\repos\Travai\hotel\travai\travai\DTOs\TourGuide\TourGuide\TourGuideResponseDto.cs(12,23): warning CS8618: Non-nullable property 'UserName' must contain a non-null value when exiting constructor. Consider adding the 'required' modifier or declaring the property as nullable. [C:\Users\basant\source\repos\Travai\hotel\travai\travai\travai.csproj]
C:\Users\basant\source\repos\Travai\hotel\travai\travai\DTOs\TourGuide\TourGuide\TourGuideResponseDto.cs(13,23): warning CS8618: Non-nullable property 'Name' must contain a non-null value when exiting constructor. Consider adding the 'required' modifier or declaring the property as nullable. [C:\Users\basant\source\repos\Travai\hotel\travai\travai\travai.csproj]
C:\Users\basant\source\repos\Travai\hotel\travai\travai\DTOs\TourGuide\TourGuide\TourGuideResponseDto.cs(14,23): warning CS8618: Non-nullable property 'Bio' must contain a non-null value when exiting constructor. Consider adding the 'required' modifier or declaring the property as nullable. [C:\Users\basant\source\repos\Travai\hotel\travai\travai\travai.csproj]
C:\Users\basant\source\repos\Travai\hotel\travai\travai\DTOs\TourGuide\TourGuide\TourGuideResponseDto.cs(15,23): warning CS8618: Non-nullable property 'LicenseId' must contain a non-null value when exiting constructor. Consider adding the 'required' modifier or declaring the property as nullable. [C:\Users\basant\source\repos\Travai\hotel\travai\travai\travai.csproj]
C:\Users\basant\source\repos\Travai\hotel\travai\travai\DTOs\TourGuide\TourGuide\TourGuideResponseDto.cs(16,23): warning CS8618: Non-nullable property 'LicenseCard' must contain a non-null value when exiting constructor. Consider adding the 'required' modifier or declaring the property as nullable. [C:\Users\basant\source\repos\Travai\hotel\travai\travai\travai.csproj]
C:\Users\basant\source\repos\Travai\hotel\travai\travai\DTOs\TourGuide\TourGuide\TourGuideResponseDto.cs(17,23): warning CS8618: Non-nullable property 'LicenseIdFrontPhoto' must contain a non-null value when exiting constructor. Consider adding the 'required' modifier or declaring the property as nullable. [C:\Users\basant\source\repos\Travai\hotel\travai\travai\travai.csproj]
C:\Users\basant\source\repos\Travai\hotel\travai\travai\DTOs\TourGuide\TourGuide\TourGuideResponseDto.cs(18,23): warning CS8618: Non-nullable property 'LicenseIdBackPhoto' must contain a non-null value when exiting constructor. Consider adding the 'required' modifier or declaring the property as nullable. [C:\Users\basant\source\repos\Travai\hotel\travai\travai\travai.csproj]
C:\Users\basant\source\repos\Travai\hotel\travai\travai\DTOs\TourGuide\TourGuide\TourGuideResponseDto.cs(19,23): warning CS8618: Non-nullable property 'Certification' must contain a non-null value when exiting constructor. Consider adding the 'required' modifier or declaring the property as nullable. [C:\Users\basant\source\repos\Travai\hotel\travai\travai\travai.csproj]
C:\Users\basant\source\repos\Travai\hotel\travai\travai\DTOs\TourGuide\TourGuide\TourGuideResponseDto.cs(20,23): warning CS8618: Non-nullable property 'Status' must contain a non-null value when exiting constructor. Consider adding the 'required' modifier or declaring the property as nullable. [C:\Users\basant\source\repos\Travai\hotel\travai\travai\travai.csproj]
C:\Users\basant\source\repos\Travai\hotel\travai\travai\DTOs\TourGuide\TourGuide\TourGuideResponseDto.cs(21,23): warning CS8618: Non-nullable property 'RejectionReason' must contain a non-null value when exiting constructor. Consider adding the 'required' modifier or declaring the property as nullable. [C:\Users\basant\source\repos\Travai\hotel\travai\travai\travai.csproj]
C:\Users\basant\source\repos\Travai\hotel\travai\travai\DTOs\TourGuide\TourGuide\TourGuideResponseDto.cs(24,40): warning CS8618: Non-nullable property 'Emails' must contain a non-null value when exiting constructor. Consider adding the 'required' modifier or declaring the property as nullable. [C:\Users\basant\source\repos\Travai\hotel\travai\travai\travai.csproj]
C:\Users\basant\source\repos\Travai\hotel\travai\travai\DTOs\TourGuide\TourGuide\TourGuideResponseDto.cs(25,40): warning CS8618: Non-nullable property 'Phones' must contain a non-null value when exiting constructor. Consider adding the 'required' modifier or declaring the property as nullable. [C:\Users\basant\source\repos\Travai\hotel\travai\travai\travai.csproj]
C:\Users\basant\source\repos\Travai\hotel\travai\travai\DTOs\TourGuide\TourGuide\TourGuideResponseDto.cs(26,43): warning CS8618: Non-nullable property 'Languages' must contain a non-null value when exiting constructor. Consider adding the 'required' modifier or declaring the property as nullable. [C:\Users\basant\source\repos\Travai\hotel\travai\travai\travai.csproj]
C:\Users\basant\source\repos\Travai\hotel\travai\travai\DTOs\TourGuide\TourGuide\TourGuideResponseDto.cs(27,39): warning CS8618: Non-nullable property 'Cities' must contain a non-null value when exiting constructor. Consider adding the 'required' modifier or declaring the property as nullable. [C:\Users\basant\source\repos\Travai\hotel\travai\travai\travai.csproj]
C:\Users\basant\source\repos\Travai\hotel\travai\travai\DTOs\TourGuide\TourGuide\TourGuideApplicationDto.cs(12,23): warning CS8618: Non-nullable property 'Name' must contain a non-null value when exiting constructor. Consider adding the 'required' modifier or declaring the property as nullable. [C:\Users\basant\source\repos\Travai\hotel\travai\travai\travai.csproj]
C:\Users\basant\source\repos\Travai\hotel\travai\travai\DTOs\TourGuide\TourGuide\RejectApplicationDto.cs(9,23): warning CS8618: Non-nullable property 'Reason' must contain a non-null value when exiting constructor. Consider adding the 'required' modifier or declaring the property as nullable. [C:\Users\basant\source\repos\Travai\hotel\travai\travai\travai.csproj]
C:\Users\basant\source\repos\Travai\hotel\travai\travai\DTOs\TourGuide\Review\ReviewDto.cs(10,23): warning CS8618: Non-nullable property 'UserName' must contain a non-null value when exiting constructor. Consider adding the 'required' modifier or declaring the property as nullable. [C:\Users\basant\source\repos\Travai\hotel\travai\travai\travai.csproj]
C:\Users\basant\source\repos\Travai\hotel\travai\travai\DTOs\TourGuide\Review\ReviewDto.cs(14,23): warning CS8618: Non-nullable property 'Comment' must contain a non-null value when exiting constructor. Consider adding the 'required' modifier or declaring the property as nullable. [C:\Users\basant\source\repos\Travai\hotel\travai\travai\travai.csproj]
C:\Users\basant\source\repos\Travai\hotel\travai\travai\DTOs\TourGuide\Booking\ParticipantDto.cs(42,23): warning CS8618: Non-nullable property 'EmergencyName' must contain a non-null value when exiting constructor. Consider adding the 'required' modifier or declaring the property as nullable. [C:\Users\basant\source\repos\Travai\hotel\travai\travai\travai.csproj]
C:\Users\basant\source\repos\Travai\hotel\travai\travai\DTOs\TourGuide\Booking\ParticipantDto.cs(45,23): warning CS8618: Non-nullable property 'PhoneNumber' must contain a non-null value when exiting constructor. Consider adding the 'required' modifier or declaring the property as nullable. [C:\Users\basant\source\repos\Travai\hotel\travai\travai\travai.csproj]
C:\Users\basant\source\repos\Travai\hotel\travai\travai\DTOs\TourGuide\Booking\ParticipantDto.cs(19,23): warning CS8618: Non-nullable property 'FirstName' must contain a non-null value when exiting constructor. Consider adding the 'required' modifier or declaring the property as nullable. [C:\Users\basant\source\repos\Travai\hotel\travai\travai\travai.csproj]
C:\Users\basant\source\repos\Travai\hotel\travai\travai\DTOs\TourGuide\Booking\ParticipantDto.cs(24,23): warning CS8618: Non-nullable property 'LastName' must contain a non-null value when exiting constructor. Consider adding the 'required' modifier or declaring the property as nullable. [C:\Users\basant\source\repos\Travai\hotel\travai\travai\travai.csproj]
C:\Users\basant\source\repos\Travai\hotel\travai\travai\DTOs\TourGuide\Booking\BookingResponseDto.cs(56,23): warning CS8618: Non-nullable property 'EmergencyName' must contain a non-null value when exiting constructor. Consider adding the 'required' modifier or declaring the property as nullable. [C:\Users\basant\source\repos\Travai\hotel\travai\travai\travai.csproj]
C:\Users\basant\source\repos\Travai\hotel\travai\travai\DTOs\TourGuide\Booking\BookingResponseDto.cs(57,23): warning CS8618: Non-nullable property 'PhoneNumber' must contain a non-null value when exiting constructor. Consider adding the 'required' modifier or declaring the property as nullable. [C:\Users\basant\source\repos\Travai\hotel\travai\travai\travai.csproj]
C:\Users\basant\source\repos\Travai\hotel\travai\travai\Models\TourGuide\WithdrawRequest.cs(17,26): warning CS8618: Non-nullable property 'TourGuide' must contain a non-null value when exiting constructor. Consider adding the 'required' modifier or declaring the property as nullable. [C:\Users\basant\source\repos\Travai\hotel\travai\travai\travai.csproj]
C:\Users\basant\source\repos\Travai\hotel\travai\travai\Models\TourGuide\UrgentRequest.cs(17,26): warning CS8618: Non-nullable property 'TourGuide' must contain a non-null value when exiting constructor. Consider adding the 'required' modifier or declaring the property as nullable. [C:\Users\basant\source\repos\Travai\hotel\travai\travai\travai.csproj]
C:\Users\basant\source\repos\Travai\hotel\travai\travai\Models\TourGuide\UrgentRequest.cs(21,21): warning CS8618: Non-nullable property 'Tour' must contain a non-null value when exiting constructor. Consider adding the 'required' modifier or declaring the property as nullable. [C:\Users\basant\source\repos\Travai\hotel\travai\travai\travai.csproj]
C:\Users\basant\source\repos\Travai\hotel\travai\travai\Models\TourGuide\UrgentRequest.cs(24,23): warning CS8618: Non-nullable property 'Reason' must contain a non-null value when exiting constructor. Consider adding the 'required' modifier or declaring the property as nullable. [C:\Users\basant\source\repos\Travai\hotel\travai\travai\travai.csproj]
C:\Users\basant\source\repos\Travai\hotel\travai\travai\Models\TourGuide\TourParticipantPhone.cs(15,39): warning CS8618: Non-nullable property 'Participant' must contain a non-null value when exiting constructor. Consider adding the 'required' modifier or declaring the property as nullable. [C:\Users\basant\source\repos\Travai\hotel\travai\travai\travai.csproj]
C:\Users\basant\source\repos\Travai\hotel\travai\travai\Models\TourGuide\TourParticipantPhone.cs(18,23): warning CS8618: Non-nullable property 'PhoneNumber' must contain a non-null value when exiting constructor. Consider adding the 'required' modifier or declaring the property as nullable. [C:\Users\basant\source\repos\Travai\hotel\travai\travai\travai.csproj]
C:\Users\basant\source\repos\Travai\hotel\travai\travai\Models\TourGuide\TourParticipantEmergencyNumber.cs(15,39): warning CS8618: Non-nullable property 'Participant' must contain a non-null value when exiting constructor. Consider adding the 'required' modifier or declaring the property as nullable. [C:\Users\basant\source\repos\Travai\hotel\travai\travai\travai.csproj]
C:\Users\basant\source\repos\Travai\hotel\travai\travai\Models\TourGuide\TourParticipantEmergencyNumber.cs(18,23): warning CS8618: Non-nullable property 'EmergencyName' must contain a non-null value when exiting constructor. Consider adding the 'required' modifier or declaring the property as nullable. [C:\Users\basant\source\repos\Travai\hotel\travai\travai\travai.csproj]
C:\Users\basant\source\repos\Travai\hotel\travai\travai\Models\TourGuide\TourParticipantEmergencyNumber.cs(21,23): warning CS8618: Non-nullable property 'PhoneNumber' must contain a non-null value when exiting constructor. Consider adding the 'required' modifier or declaring the property as nullable. [C:\Users\basant\source\repos\Travai\hotel\travai\travai\travai.csproj]
C:\Users\basant\source\repos\Travai\hotel\travai\travai\Models\TourGuide\TourImage.cs(15,21): warning CS8618: Non-nullable property 'Tour' must contain a non-null value when exiting constructor. Consider adding the 'required' modifier or declaring the property as nullable. [C:\Users\basant\source\repos\Travai\hotel\travai\travai\travai.csproj]
C:\Users\basant\source\repos\Travai\hotel\travai\travai\Models\TourGuide\TourImage.cs(18,23): warning CS8618: Non-nullable property 'ImageUrl' must contain a non-null value when exiting constructor. Consider adding the 'required' modifier or declaring the property as nullable. [C:\Users\basant\source\repos\Travai\hotel\travai\travai\travai.csproj]
C:\Users\basant\source\repos\Travai\hotel\travai\travai\Models\TourGuide\TourGuidePhone.cs(15,26): warning CS8618: Non-nullable property 'TourGuide' must contain a non-null value when exiting constructor. Consider adding the 'required' modifier or declaring the property as nullable. [C:\Users\basant\source\repos\Travai\hotel\travai\travai\travai.csproj]
C:\Users\basant\source\repos\Travai\hotel\travai\travai\Models\TourGuide\TourGuidePhone.cs(18,23): warning CS8618: Non-nullable property 'PhoneNumber' must contain a non-null value when exiting constructor. Consider adding the 'required' modifier or declaring the property as nullable. [C:\Users\basant\source\repos\Travai\hotel\travai\travai\travai.csproj]
C:\Users\basant\source\repos\Travai\hotel\travai\travai\Models\TourGuide\TourGuideLanguage.cs(16,26): warning CS8618: Non-nullable property 'TourGuide' must contain a non-null value when exiting constructor. Consider adding the 'required' modifier or declaring the property as nullable. [C:\Users\basant\source\repos\Travai\hotel\travai\travai\travai.csproj]
C:\Users\basant\source\repos\Travai\hotel\travai\travai\Models\TourGuide\TourGuideEmail.cs(15,26): warning CS8618: Non-nullable property 'TourGuide' must contain a non-null value when exiting constructor. Consider adding the 'required' modifier or declaring the property as nullable. [C:\Users\basant\source\repos\Travai\hotel\travai\travai\travai.csproj]
C:\Users\basant\source\repos\Travai\hotel\travai\travai\Models\TourGuide\TourGuideEmail.cs(19,23): warning CS8618: Non-nullable property 'Email' must contain a non-null value when exiting constructor. Consider adding the 'required' modifier or declaring the property as nullable. [C:\Users\basant\source\repos\Travai\hotel\travai\travai\travai.csproj]
C:\Users\basant\source\repos\Travai\hotel\travai\travai\Models\TourGuide\TourGuideCity.cs(15,26): warning CS8618: Non-nullable property 'TourGuide' must contain a non-null value when exiting constructor. Consider adding the 'required' modifier or declaring the property as nullable. [C:\Users\basant\source\repos\Travai\hotel\travai\travai\travai.csproj]
C:\Users\basant\source\repos\Travai\hotel\travai\travai\Models\TourGuide\TourGuideCity.cs(18,23): warning CS8618: Non-nullable property 'City' must contain a non-null value when exiting constructor. Consider adding the 'required' modifier or declaring the property as nullable. [C:\Users\basant\source\repos\Travai\hotel\travai\travai\travai.csproj]
C:\Users\basant\source\repos\Travai\hotel\travai\travai\Models\TourGuide\TourGuide.cs(18,21): warning CS8618: Non-nullable property 'User' must contain a non-null value when exiting constructor. Consider adding the 'required' modifier or declaring the property as nullable. [C:\Users\basant\source\repos\Travai\hotel\travai\travai\travai.csproj]
C:\Users\basant\source\repos\Travai\hotel\travai\travai\Models\TourGuide\TourGuide.cs(21,23): warning CS8618: Non-nullable property 'Name' must contain a non-null value when exiting constructor. Consider adding the 'required' modifier or declaring the property as nullable. [C:\Users\basant\source\repos\Travai\hotel\travai\travai\travai.csproj]
C:\Users\basant\source\repos\Travai\hotel\travai\travai\Models\TourGuide\TourBookingPayment.cs(18,21): warning CS8618: Non-nullable property 'User' must contain a non-null value when exiting constructor. Consider adding the 'required' modifier or declaring the property as nullable. [C:\Users\basant\source\repos\Travai\hotel\travai\travai\travai.csproj]
C:\Users\basant\source\repos\Travai\hotel\travai\travai\Models\TourGuide\TourBookingPayment.cs(22,28): warning CS8618: Non-nullable property 'Booking' must contain a non-null value when exiting constructor. Consider adding the 'required' modifier or declaring the property as nullable. [C:\Users\basant\source\repos\Travai\hotel\travai\travai\travai.csproj]
C:\Users\basant\source\repos\Travai\hotel\travai\travai\Models\TourGuide\TourBookingParticipant.cs(18,28): warning CS8618: Non-nullable property 'Booking' must contain a non-null value when exiting constructor. Consider adding the 'required' modifier or declaring the property as nullable. [C:\Users\basant\source\repos\Travai\hotel\travai\travai\travai.csproj]
C:\Users\basant\source\repos\Travai\hotel\travai\travai\Models\TourGuide\TourBookingParticipant.cs(27,23): warning CS8618: Non-nullable property 'FirstName' must contain a non-null value when exiting constructor. Consider adding the 'required' modifier or declaring the property as nullable. [C:\Users\basant\source\repos\Travai\hotel\travai\travai\travai.csproj]
C:\Users\basant\source\repos\Travai\hotel\travai\travai\Models\TourGuide\TourBookingParticipant.cs(31,23): warning CS8618: Non-nullable property 'LastName' must contain a non-null value when exiting constructor. Consider adding the 'required' modifier or declaring the property as nullable. [C:\Users\basant\source\repos\Travai\hotel\travai\travai\travai.csproj]
C:\Users\basant\source\repos\Travai\hotel\travai\travai\Models\TourGuide\TourBooking.cs(20,21): warning CS8618: Non-nullable property 'User' must contain a non-null value when exiting constructor. Consider adding the 'required' modifier or declaring the property as nullable. [C:\Users\basant\source\repos\Travai\hotel\travai\travai\travai.csproj]
C:\Users\basant\source\repos\Travai\hotel\travai\travai\Models\TourGuide\TourBooking.cs(24,21): warning CS8618: Non-nullable property 'Tour' must contain a non-null value when exiting constructor. Consider adding the 'required' modifier or declaring the property as nullable. [C:\Users\basant\source\repos\Travai\hotel\travai\travai\travai.csproj]
C:\Users\basant\source\repos\Travai\hotel\travai\travai\Models\TourGuide\TourBooking.cs(28,26): warning CS8618: Non-nullable property 'TourGuide' must contain a non-null value when exiting constructor. Consider adding the 'required' modifier or declaring the property as nullable. [C:\Users\basant\source\repos\Travai\hotel\travai\travai\travai.csproj]
C:\Users\basant\source\repos\Travai\hotel\travai\travai\Models\TourGuide\Tour.cs(18,26): warning CS8618: Non-nullable property 'TourGuide' must contain a non-null value when exiting constructor. Consider adding the 'required' modifier or declaring the property as nullable. [C:\Users\basant\source\repos\Travai\hotel\travai\travai\travai.csproj]
C:\Users\basant\source\repos\Travai\hotel\travai\travai\Models\TourGuide\Tour.cs(23,23): warning CS8618: Non-nullable property 'TourTitle' must contain a non-null value when exiting constructor. Consider adding the 'required' modifier or declaring the property as nullable. [C:\Users\basant\source\repos\Travai\hotel\travai\travai\travai.csproj]
C:\Users\basant\source\repos\Travai\hotel\travai\travai\Models\TourGuide\Review.cs(16,21): warning CS8618: Non-nullable property 'User' must contain a non-null value when exiting constructor. Consider adding the 'required' modifier or declaring the property as nullable. [C:\Users\basant\source\repos\Travai\hotel\travai\travai\travai.csproj]
C:\Users\basant\source\repos\Travai\hotel\travai\travai\Models\TourGuide\Review.cs(20,26): warning CS8618: Non-nullable property 'TourGuide' must contain a non-null value when exiting constructor. Consider adding the 'required' modifier or declaring the property as nullable. [C:\Users\basant\source\repos\Travai\hotel\travai\travai\travai.csproj]
C:\Users\basant\source\repos\Travai\hotel\travai\travai\Models\TourGuide\Review.cs(24,21): warning CS8618: Non-nullable property 'Tour' must contain a non-null value when exiting constructor. Consider adding the 'required' modifier or declaring the property as nullable. [C:\Users\basant\source\repos\Travai\hotel\travai\travai\travai.csproj]
C:\Users\basant\source\repos\Travai\hotel\travai\travai\Models\TourGuide\Review.cs(30,23): warning CS8618: Non-nullable property 'Comment' must contain a non-null value when exiting constructor. Consider adding the 'required' modifier or declaring the property as nullable. [C:\Users\basant\source\repos\Travai\hotel\travai\travai\travai.csproj]
C:\Users\basant\source\repos\Travai\hotel\travai\travai\Services\TourGuide\BookingService.cs(269,41): warning CS8603: Possible null reference return. [C:\Users\basant\source\repos\Travai\hotel\travai\travai\travai.csproj]
C:\Users\basant\source\repos\Travai\hotel\travai\travai\DTOs\TourGuide\Booking\BookingResponseDto.cs(16,23): warning CS8618: Non-nullable property 'TourTitle' must contain a non-null value when exiting constructor. Consider adding the 'required' modifier or declaring the property as nullable. [C:\Users\basant\source\repos\Travai\hotel\travai\travai\travai.csproj]
C:\Users\basant\source\repos\Travai\hotel\travai\travai\DTOs\TourGuide\Booking\BookingResponseDto.cs(18,23): warning CS8618: Non-nullable property 'TourGuideName' must contain a non-null value when exiting constructor. Consider adding the 'required' modifier or declaring the property as nullable. [C:\Users\basant\source\repos\Travai\hotel\travai\travai\travai.csproj]
C:\Users\basant\source\repos\Travai\hotel\travai\travai\DTOs\TourGuide\Booking\BookingResponseDto.cs(24,23): warning CS8618: Non-nullable property 'Currency' must contain a non-null value when exiting constructor. Consider adding the 'required' modifier or declaring the property as nullable. [C:\Users\basant\source\repos\Travai\hotel\travai\travai\travai.csproj]
C:\Users\basant\source\repos\Travai\hotel\travai\travai\DTOs\TourGuide\Booking\BookingResponseDto.cs(39,23): warning CS8618: Non-nullable property 'FirstName' must contain a non-null value when exiting constructor. Consider adding the 'required' modifier or declaring the property as nullable. [C:\Users\basant\source\repos\Travai\hotel\travai\travai\travai.csproj]
C:\Users\basant\source\repos\Travai\hotel\travai\travai\DTOs\TourGuide\Booking\BookingResponseDto.cs(41,23): warning CS8618: Non-nullable property 'LastName' must contain a non-null value when exiting constructor. Consider adding the 'required' modifier or declaring the property as nullable. [C:\Users\basant\source\repos\Travai\hotel\travai\travai\travai.csproj]

Build FAILED.

C:\Users\basant\source\repos\Travai\hotel\travai\travai\DTOs\ApiResponse.cs(14,53): warning CS8625: Cannot convert null literal to non-nullable reference type. [C:\Users\basant\source\repos\Travai\hotel\travai\travai\travai.csproj]
C:\Users\basant\source\repos\Travai\hotel\travai\travai\DTOs\ApiResponse.cs(30,80): warning CS8625: Cannot convert null literal to non-nullable reference type. [C:\Users\basant\source\repos\Travai\hotel\travai\travai\travai.csproj]
C:\Users\basant\source\repos\Travai\hotel\travai\travai\Program.cs(77,36): warning CS8604: Possible null reference argument for parameter 's' in 'byte[] Encoding.GetBytes(string s)'. [C:\Users\basant\source\repos\Travai\hotel\travai\travai\travai.csproj]
C:\Users\basant\source\repos\Travai\hotel\travai\travai\Services\HotelService\HotelService.cs(211,39): warning CS8603: Possible null reference return. [C:\Users\basant\source\repos\Travai\hotel\travai\travai\travai.csproj]
C:\Users\basant\source\repos\Travai\hotel\travai\travai\Services\HotelService\HotelService.cs(223,58): warning CS8602: Dereference of a possibly null reference. [C:\Users\basant\source\repos\Travai\hotel\travai\travai\travai.csproj]
C:\Users\basant\source\repos\Travai\hotel\travai\travai\Controllers\HotelsController.cs(32,89): warning CS8625: Cannot convert null literal to non-nullable reference type. [C:\Users\basant\source\repos\Travai\hotel\travai\travai\travai.csproj]
C:\Users\basant\source\repos\Travai\hotel\travai\travai\Controllers\HotelsController.cs(51,89): warning CS8625: Cannot convert null literal to non-nullable reference type. [C:\Users\basant\source\repos\Travai\hotel\travai\travai\travai.csproj]
C:\Users\basant\source\repos\Travai\hotel\travai\travai\Controllers\HotelsController.cs(58,28): warning CS8601: Possible null reference assignment. [C:\Users\basant\source\repos\Travai\hotel\travai\travai\travai.csproj]
C:\Users\basant\source\repos\Travai\hotel\travai\travai\Controllers\HotelsController.cs(76,89): warning CS8625: Cannot convert null literal to non-nullable reference type. [C:\Users\basant\source\repos\Travai\hotel\travai\travai\travai.csproj]
C:\Users\basant\source\repos\Travai\hotel\travai\travai\Controllers\HotelsController.cs(79,111): warning CS8625: Cannot convert null literal to non-nullable reference type. [C:\Users\basant\source\repos\Travai\hotel\travai\travai\travai.csproj]
C:\Users\basant\source\repos\Travai\hotel\travai\travai\Controllers\HotelsController.cs(97,89): warning CS8625: Cannot convert null literal to non-nullable reference type. [C:\Users\basant\source\repos\Travai\hotel\travai\travai\travai.csproj]
C:\Users\basant\source\repos\Travai\hotel\travai\travai\Controllers\HotelsController.cs(122,89): warning CS8625: Cannot convert null literal to non-nullable reference type. [C:\Users\basant\source\repos\Travai\hotel\travai\travai\travai.csproj]
C:\Users\basant\source\repos\Travai\hotel\travai\travai\Controllers\HotelsController.cs(125,119): warning CS8625: Cannot convert null literal to non-nullable reference type. [C:\Users\basant\source\repos\Travai\hotel\travai\travai\travai.csproj]
C:\Users\basant\source\repos\Travai\hotel\travai\travai\Controllers\HotelsController.cs(156,89): warning CS8625: Cannot convert null literal to non-nullable reference type. [C:\Users\basant\source\repos\Travai\hotel\travai\travai\travai.csproj]
C:\Users\basant\source\repos\Travai\hotel\travai\travai\Controllers\HotelsController.cs(159,119): warning CS8625: Cannot convert null literal to non-nullable reference type. [C:\Users\basant\source\repos\Travai\hotel\travai\travai\travai.csproj]
C:\Users\basant\source\repos\Travai\hotel\travai\travai\Controllers\AdminManagementController.cs(83,163): warning CS8625: Cannot convert null literal to non-nullable reference type. [C:\Users\basant\source\repos\Travai\hotel\travai\travai\travai.csproj]
C:\Users\basant\source\repos\Travai\hotel\travai\travai\Controllers\AdminController.cs(56,104): warning CS8625: Cannot convert null literal to non-nullable reference type. [C:\Users\basant\source\repos\Travai\hotel\travai\travai\travai.csproj]
C:\Users\basant\source\repos\Travai\hotel\travai\travai\Controllers\AdminController.cs(72,104): warning CS8625: Cannot convert null literal to non-nullable reference type. [C:\Users\basant\source\repos\Travai\hotel\travai\travai\travai.csproj]
C:\Users\basant\source\repos\Travai\hotel\travai\travai\Services\HotelService\HotelService.cs(428,21): warning CS8602: Dereference of a possibly null reference. [C:\Users\basant\source\repos\Travai\hotel\travai\travai\travai.csproj]
C:\Users\basant\source\repos\Travai\hotel\travai\travai\Services\HotelService\HotelService.cs(439,21): warning CS8602: Dereference of a possibly null reference. [C:\Users\basant\source\repos\Travai\hotel\travai\travai\travai.csproj]
C:\Users\basant\source\repos\Travai\hotel\travai\travai\Services\HotelService\HotelService.cs(445,28): warning CS8602: Dereference of a possibly null reference. [C:\Users\basant\source\repos\Travai\hotel\travai\travai\travai.csproj]
C:\Users\basant\source\repos\Travai\hotel\travai\travai\Services\HotelService\HotelService.cs(544,58): warning CS8602: Dereference of a possibly null reference. [C:\Users\basant\source\repos\Travai\hotel\travai\travai\travai.csproj]
C:\Users\basant\source\repos\Travai\hotel\travai\travai\Services\Airline\BookingService\BookingService.cs(105,17): warning CS8602: Dereference of a possibly null reference. [C:\Users\basant\source\repos\Travai\hotel\travai\travai\travai.csproj]
C:\Users\basant\source\repos\Travai\hotel\travai\travai\Services\Airline\BookingService\BookingService.cs(150,30): warning CS8601: Possible null reference assignment. [C:\Users\basant\source\repos\Travai\hotel\travai\travai\travai.csproj]
C:\Users\basant\source\repos\Travai\hotel\travai\travai\Services\Airline\BookingService\BookingService.cs(200,34): warning CS8601: Possible null reference assignment. [C:\Users\basant\source\repos\Travai\hotel\travai\travai\travai.csproj]
C:\Users\basant\source\repos\Travai\hotel\travai\travai\Services\Airline\BookingService\BookingService.cs(245,34): warning CS8601: Possible null reference assignment. [C:\Users\basant\source\repos\Travai\hotel\travai\travai\travai.csproj]
C:\Users\basant\source\repos\Travai\hotel\travai\travai\Services\Airline\BookingService\BookingService.cs(289,34): warning CS8601: Possible null reference assignment. [C:\Users\basant\source\repos\Travai\hotel\travai\travai\travai.csproj]
C:\Users\basant\source\repos\Travai\hotel\travai\travai\Services\Airline\BookingService\BookingService.cs(336,30): warning CS8601: Possible null reference assignment. [C:\Users\basant\source\repos\Travai\hotel\travai\travai\travai.csproj]
C:\Users\basant\source\repos\Travai\hotel\travai\travai\Services\Airline\BookingService\BookingService.cs(435,30): warning CS8601: Possible null reference assignment. [C:\Users\basant\source\repos\Travai\hotel\travai\travai\travai.csproj]
C:\Users\basant\source\repos\Travai\hotel\travai\travai\Controllers\Airline\WalletController.cs(40,71): warning CS8625: Cannot convert null literal to non-nullable reference type. [C:\Users\basant\source\repos\Travai\hotel\travai\travai\travai.csproj]
C:\Users\basant\source\repos\Travai\hotel\travai\travai\Controllers\Airline\WalletController.cs(73,59): warning CS8625: Cannot convert null literal to non-nullable reference type. [C:\Users\basant\source\repos\Travai\hotel\travai\travai\travai.csproj]
C:\Users\basant\source\repos\Travai\hotel\travai\travai\Controllers\Airline\WalletController.cs(78,71): warning CS8625: Cannot convert null literal to non-nullable reference type. [C:\Users\basant\source\repos\Travai\hotel\travai\travai\travai.csproj]
C:\Users\basant\source\repos\Travai\hotel\travai\travai\Controllers\Airline\WalletController.cs(106,64): warning CS8625: Cannot convert null literal to non-nullable reference type. [C:\Users\basant\source\repos\Travai\hotel\travai\travai\travai.csproj]
C:\Users\basant\source\repos\Travai\hotel\travai\travai\Controllers\Airline\WalletController.cs(103,30): warning CS0168: The variable 'ex' is declared but never used [C:\Users\basant\source\repos\Travai\hotel\travai\travai\travai.csproj]
C:\Users\basant\source\repos\Travai\hotel\travai\travai\Controllers\Airline\FlightController.cs(26,42): warning CS1998: This async method lacks 'await' operators and will run synchronously. Consider using the 'await' operator to await non-blocking API calls, or 'await Task.Run(...)' to do CPU-bound work on a background thread. [C:\Users\basant\source\repos\Travai\hotel\travai\travai\travai.csproj]
C:\Users\basant\source\repos\Travai\hotel\travai\travai\Services\HotelService\HotelService.cs(1376,53): warning CS8629: Nullable value type may be null. [C:\Users\basant\source\repos\Travai\hotel\travai\travai\travai.csproj]
C:\Users\basant\source\repos\Travai\hotel\travai\travai\Services\HotelService\HotelService.cs(1469,38): warning CS8603: Possible null reference return. [C:\Users\basant\source\repos\Travai\hotel\travai\travai\travai.csproj]
C:\Users\basant\source\repos\Travai\hotel\travai\travai\Services\HotelService\HotelService.cs(1470,37): warning CS8603: Possible null reference return. [C:\Users\basant\source\repos\Travai\hotel\travai\travai\travai.csproj]
C:\Users\basant\source\repos\Travai\hotel\travai\travai\Services\TourGuide\TourService.cs(80,38): warning CS8603: Possible null reference return. [C:\Users\basant\source\repos\Travai\hotel\travai\travai\travai.csproj]
C:\Users\basant\source\repos\Travai\hotel\travai\travai\Services\TourGuide\TourService.cs(151,38): warning CS8603: Possible null reference return. [C:\Users\basant\source\repos\Travai\hotel\travai\travai\travai.csproj]
C:\Users\basant\source\repos\Travai\hotel\travai\travai\Controllers\Airline\AirlineAdminUserController.cs(54,57): warning CS8625: Cannot convert null literal to non-nullable reference type. [C:\Users\basant\source\repos\Travai\hotel\travai\travai\travai.csproj]
C:\Users\basant\source\repos\Travai\hotel\travai\travai\Controllers\Airline\AirlineAdminUserController.cs(78,55): warning CS8625: Cannot convert null literal to non-nullable reference type. [C:\Users\basant\source\repos\Travai\hotel\travai\travai\travai.csproj]
C:\Users\basant\source\repos\Travai\hotel\travai\travai\Controllers\Airline\AirlineAdminUserController.cs(87,57): warning CS8625: Cannot convert null literal to non-nullable reference type. [C:\Users\basant\source\repos\Travai\hotel\travai\travai\travai.csproj]
C:\Users\basant\source\repos\Travai\hotel\travai\travai\Controllers\Airline\AirlineAdminUserController.cs(103,55): warning CS8625: Cannot convert null literal to non-nullable reference type. [C:\Users\basant\source\repos\Travai\hotel\travai\travai\travai.csproj]
C:\Users\basant\source\repos\Travai\hotel\travai\travai\Middlewares\ExceptionMiddleware.cs(33,85): warning CS8604: Possible null reference argument for parameter 'item' in 'void List<string>.Add(string item)'. [C:\Users\basant\source\repos\Travai\hotel\travai\travai\travai.csproj]
C:\Users\basant\source\repos\Travai\hotel\travai\travai\Middlewares\ExceptionMiddleware.cs(34,104): warning CS8625: Cannot convert null literal to non-nullable reference type. [C:\Users\basant\source\repos\Travai\hotel\travai\travai\travai.csproj]
C:\Users\basant\source\repos\Travai\hotel\travai\travai\Services\TourGuide\TourService.cs(211,42): warning CS8602: Dereference of a possibly null reference. [C:\Users\basant\source\repos\Travai\hotel\travai\travai\travai.csproj]
C:\Users\basant\source\repos\Travai\hotel\travai\travai\Services\TourGuide\TourService.cs(215,42): warning CS8602: Dereference of a possibly null reference. [C:\Users\basant\source\repos\Travai\hotel\travai\travai\travai.csproj]
C:\Users\basant\source\repos\Travai\hotel\travai\travai\Services\AuthService.cs(259,17): warning CS8604: Possible null reference argument for parameter 's' in 'byte[] Encoding.GetBytes(string s)'. [C:\Users\basant\source\repos\Travai\hotel\travai\travai\travai.csproj]
C:\Users\basant\source\repos\Travai\hotel\travai\travai\Services\AuthService.cs(289,44): warning CS8604: Possible null reference argument for parameter 's' in 'byte[] Encoding.GetBytes(string s)'. [C:\Users\basant\source\repos\Travai\hotel\travai\travai\travai.csproj]
C:\Users\basant\source\repos\Travai\hotel\travai\travai\Repositories\UserRepository\UserRepository.cs(18,20): warning CS8603: Possible null reference return. [C:\Users\basant\source\repos\Travai\hotel\travai\travai\travai.csproj]
C:\Users\basant\source\repos\Travai\hotel\travai\travai\Repositories\UserRepository\UserRepository.cs(24,20): warning CS8603: Possible null reference return. [C:\Users\basant\source\repos\Travai\hotel\travai\travai\travai.csproj]
C:\Users\basant\source\repos\Travai\hotel\travai\travai\Repositories\UserRepository\UserRepository.cs(34,13): warning CS8602: Dereference of a possibly null reference. [C:\Users\basant\source\repos\Travai\hotel\travai\travai\travai.csproj]
C:\Users\basant\source\repos\Travai\hotel\travai\travai\Repositories\UserRepository\UserRepository.cs(41,20): warning CS8603: Possible null reference return. [C:\Users\basant\source\repos\Travai\hotel\travai\travai\travai.csproj]
C:\Users\basant\source\repos\Travai\hotel\travai\travai\Services\TourGuide\TourGuideService.cs(116,37): warning CS8603: Possible null reference return. [C:\Users\basant\source\repos\Travai\hotel\travai\travai\travai.csproj]
C:\Users\basant\source\repos\Travai\hotel\travai\travai\DTOs\Hotel\BookingDtos.cs(75,23): warning CS8618: Non-nullable property 'Action' must contain a non-null value when exiting constructor. Consider adding the 'required' modifier or declaring the property as nullable. [C:\Users\basant\source\repos\Travai\hotel\travai\travai\travai.csproj]
C:\Users\basant\source\repos\Travai\hotel\travai\travai\DTOs\Hotel\BookingDtos.cs(67,23): warning CS8618: Non-nullable property 'Name' must contain a non-null value when exiting constructor. Consider adding the 'required' modifier or declaring the property as nullable. [C:\Users\basant\source\repos\Travai\hotel\travai\travai\travai.csproj]
C:\Users\basant\source\repos\Travai\hotel\travai\travai\DTOs\Hotel\BookingDtos.cs(68,23): warning CS8618: Non-nullable property 'Email' must contain a non-null value when exiting constructor. Consider adding the 'required' modifier or declaring the property as nullable. [C:\Users\basant\source\repos\Travai\hotel\travai\travai\travai.csproj]
C:\Users\basant\source\repos\Travai\hotel\travai\travai\DTOs\Hotel\BookingDtos.cs(57,23): warning CS8618: Non-nullable property 'RoomName' must contain a non-null value when exiting constructor. Consider adding the 'required' modifier or declaring the property as nullable. [C:\Users\basant\source\repos\Travai\hotel\travai\travai\travai.csproj]
C:\Users\basant\source\repos\Travai\hotel\travai\travai\DTOs\Hotel\BookingDtos.cs(58,23): warning CS8618: Non-nullable property 'MealPlan' must contain a non-null value when exiting constructor. Consider adding the 'required' modifier or declaring the property as nullable. [C:\Users\basant\source\repos\Travai\hotel\travai\travai\travai.csproj]
C:\Users\basant\source\repos\Travai\hotel\travai\travai\Services\TourGuide\TourGuideService.cs(131,37): warning CS8603: Possible null reference return. [C:\Users\basant\source\repos\Travai\hotel\travai\travai\travai.csproj]
C:\Users\basant\source\repos\Travai\hotel\travai\travai\DTOs\Hotel\BookingDtos.cs(35,23): warning CS8618: Non-nullable property 'HotelName' must contain a non-null value when exiting constructor. Consider adding the 'required' modifier or declaring the property as nullable. [C:\Users\basant\source\repos\Travai\hotel\travai\travai\travai.csproj]
C:\Users\basant\source\repos\Travai\hotel\travai\travai\DTOs\Hotel\BookingDtos.cs(36,23): warning CS8618: Non-nullable property 'PropertyType' must contain a non-null value when exiting constructor. Consider adding the 'required' modifier or declaring the property as nullable. [C:\Users\basant\source\repos\Travai\hotel\travai\travai\travai.csproj]
C:\Users\basant\source\repos\Travai\hotel\travai\travai\DTOs\Hotel\BookingDtos.cs(45,23): warning CS8618: Non-nullable property 'PaymentStatus' must contain a non-null value when exiting constructor. Consider adding the 'required' modifier or declaring the property as nullable. [C:\Users\basant\source\repos\Travai\hotel\travai\travai\travai.csproj]
C:\Users\basant\source\repos\Travai\hotel\travai\travai\DTOs\Hotel\BookingDtos.cs(46,23): warning CS8618: Non-nullable property 'Status' must contain a non-null value when exiting constructor. Consider adding the 'required' modifier or declaring the property as nullable. [C:\Users\basant\source\repos\Travai\hotel\travai\travai\travai.csproj]
C:\Users\basant\source\repos\Travai\hotel\travai\travai\DTOs\Hotel\BookingDtos.cs(50,37): warning CS8618: Non-nullable property 'Rooms' must contain a non-null value when exiting constructor. Consider adding the 'required' modifier or declaring the property as nullable. [C:\Users\basant\source\repos\Travai\hotel\travai\travai\travai.csproj]
C:\Users\basant\source\repos\Travai\hotel\travai\travai\DTOs\Hotel\BookingDtos.cs(51,31): warning CS8618: Non-nullable property 'User' must contain a non-null value when exiting constructor. Consider adding the 'required' modifier or declaring the property as nullable. [C:\Users\basant\source\repos\Travai\hotel\travai\travai\travai.csproj]
C:\Users\basant\source\repos\Travai\hotel\travai\travai\DTOs\Hotel\BookingDtos.cs(20,47): warning CS8618: Non-nullable property 'Rooms' must contain a non-null value when exiting constructor. Consider adding the 'required' modifier or declaring the property as nullable. [C:\Users\basant\source\repos\Travai\hotel\travai\travai\travai.csproj]
C:\Users\basant\source\repos\Travai\hotel\travai\travai\DTOs\AuthDtos.cs(70,23): warning CS8618: Non-nullable property 'Name' must contain a non-null value when exiting constructor. Consider adding the 'required' modifier or declaring the property as nullable. [C:\Users\basant\source\repos\Travai\hotel\travai\travai\travai.csproj]
C:\Users\basant\source\repos\Travai\hotel\travai\travai\DTOs\AuthDtos.cs(71,23): warning CS8618: Non-nullable property 'Email' must contain a non-null value when exiting constructor. Consider adding the 'required' modifier or declaring the property as nullable. [C:\Users\basant\source\repos\Travai\hotel\travai\travai\travai.csproj]
C:\Users\basant\source\repos\Travai\hotel\travai\travai\DTOs\AuthDtos.cs(72,23): warning CS8618: Non-nullable property 'UserName' must contain a non-null value when exiting constructor. Consider adding the 'required' modifier or declaring the property as nullable. [C:\Users\basant\source\repos\Travai\hotel\travai\travai\travai.csproj]
C:\Users\basant\source\repos\Travai\hotel\travai\travai\DTOs\AuthDtos.cs(73,23): warning CS8618: Non-nullable property 'Role' must contain a non-null value when exiting constructor. Consider adding the 'required' modifier or declaring the property as nullable. [C:\Users\basant\source\repos\Travai\hotel\travai\travai\travai.csproj]
C:\Users\basant\source\repos\Travai\hotel\travai\travai\DTOs\AuthDtos.cs(79,23): warning CS8618: Non-nullable property 'Status' must contain a non-null value when exiting constructor. Consider adding the 'required' modifier or declaring the property as nullable. [C:\Users\basant\source\repos\Travai\hotel\travai\travai\travai.csproj]
C:\Users\basant\source\repos\Travai\hotel\travai\travai\DTOs\AuthDtos.cs(65,23): warning CS8618: Non-nullable property 'RefreshToken' must contain a non-null value when exiting constructor. Consider adding the 'required' modifier or declaring the property as nullable. [C:\Users\basant\source\repos\Travai\hotel\travai\travai\travai.csproj]
C:\Users\basant\source\repos\Travai\hotel\travai\travai\DTOs\AuthDtos.cs(59,23): warning CS8618: Non-nullable property 'Token' must contain a non-null value when exiting constructor. Consider adding the 'required' modifier or declaring the property as nullable. [C:\Users\basant\source\repos\Travai\hotel\travai\travai\travai.csproj]
C:\Users\basant\source\repos\Travai\hotel\travai\travai\DTOs\AuthDtos.cs(60,23): warning CS8618: Non-nullable property 'RefreshToken' must contain a non-null value when exiting constructor. Consider adding the 'required' modifier or declaring the property as nullable. [C:\Users\basant\source\repos\Travai\hotel\travai\travai\travai.csproj]
C:\Users\basant\source\repos\Travai\hotel\travai\travai\DTOs\AuthDtos.cs(54,23): warning CS8618: Non-nullable property 'Email' must contain a non-null value when exiting constructor. Consider adding the 'required' modifier or declaring the property as nullable. [C:\Users\basant\source\repos\Travai\hotel\travai\travai\travai.csproj]
C:\Users\basant\source\repos\Travai\hotel\travai\travai\DTOs\AuthDtos.cs(55,23): warning CS8618: Non-nullable property 'Password' must contain a non-null value when exiting constructor. Consider adding the 'required' modifier or declaring the property as nullable. [C:\Users\basant\source\repos\Travai\hotel\travai\travai\travai.csproj]
C:\Users\basant\source\repos\Travai\hotel\travai\travai\DTOs\AuthDtos.cs(18,23): warning CS8618: Non-nullable property 'UserName' must contain a non-null value when exiting constructor. Consider adding the 'required' modifier or declaring the property as nullable. [C:\Users\basant\source\repos\Travai\hotel\travai\travai\travai.csproj]
C:\Users\basant\source\repos\Travai\hotel\travai\travai\DTOs\AuthDtos.cs(21,23): warning CS8618: Non-nullable property 'Name' must contain a non-null value when exiting constructor. Consider adding the 'required' modifier or declaring the property as nullable. [C:\Users\basant\source\repos\Travai\hotel\travai\travai\travai.csproj]
C:\Users\basant\source\repos\Travai\hotel\travai\travai\DTOs\AuthDtos.cs(25,23): warning CS8618: Non-nullable property 'Email' must contain a non-null value when exiting constructor. Consider adding the 'required' modifier or declaring the property as nullable. [C:\Users\basant\source\repos\Travai\hotel\travai\travai\travai.csproj]
C:\Users\basant\source\repos\Travai\hotel\travai\travai\DTOs\AuthDtos.cs(29,23): warning CS8618: Non-nullable property 'Password' must contain a non-null value when exiting constructor. Consider adding the 'required' modifier or declaring the property as nullable. [C:\Users\basant\source\repos\Travai\hotel\travai\travai\travai.csproj]
C:\Users\basant\source\repos\Travai\hotel\travai\travai\DTOs\AuthDtos.cs(37,23): warning CS8618: Non-nullable property 'Gender' must contain a non-null value when exiting constructor. Consider adding the 'required' modifier or declaring the property as nullable. [C:\Users\basant\source\repos\Travai\hotel\travai\travai\travai.csproj]
C:\Users\basant\source\repos\Travai\hotel\travai\travai\DTOs\AuthDtos.cs(45,23): warning CS8618: Non-nullable property 'PhoneNumber' must contain a non-null value when exiting constructor. Consider adding the 'required' modifier or declaring the property as nullable. [C:\Users\basant\source\repos\Travai\hotel\travai\travai\travai.csproj]
C:\Users\basant\source\repos\Travai\hotel\travai\travai\DTOs\AuthDtos.cs(7,23): warning CS8618: Non-nullable property 'Token' must contain a non-null value when exiting constructor. Consider adding the 'required' modifier or declaring the property as nullable. [C:\Users\basant\source\repos\Travai\hotel\travai\travai\travai.csproj]
C:\Users\basant\source\repos\Travai\hotel\travai\travai\DTOs\AuthDtos.cs(8,23): warning CS8618: Non-nullable property 'RefreshToken' must contain a non-null value when exiting constructor. Consider adding the 'required' modifier or declaring the property as nullable. [C:\Users\basant\source\repos\Travai\hotel\travai\travai\travai.csproj]
C:\Users\basant\source\repos\Travai\hotel\travai\travai\DTOs\AuthDtos.cs(11,23): warning CS8618: Non-nullable property 'Email' must contain a non-null value when exiting constructor. Consider adding the 'required' modifier or declaring the property as nullable. [C:\Users\basant\source\repos\Travai\hotel\travai\travai\travai.csproj]
C:\Users\basant\source\repos\Travai\hotel\travai\travai\DTOs\AuthDtos.cs(12,23): warning CS8618: Non-nullable property 'Role' must contain a non-null value when exiting constructor. Consider adding the 'required' modifier or declaring the property as nullable. [C:\Users\basant\source\repos\Travai\hotel\travai\travai\travai.csproj]
C:\Users\basant\source\repos\Travai\hotel\travai\travai\DTOs\ApiResponse.cs(12,16): warning CS8618: Non-nullable property 'Message' must contain a non-null value when exiting constructor. Consider adding the 'required' modifier or declaring the property as nullable. [C:\Users\basant\source\repos\Travai\hotel\travai\travai\travai.csproj]
C:\Users\basant\source\repos\Travai\hotel\travai\travai\DTOs\ApiResponse.cs(12,16): warning CS8618: Non-nullable property 'Data' must contain a non-null value when exiting constructor. Consider adding the 'required' modifier or declaring the property as nullable. [C:\Users\basant\source\repos\Travai\hotel\travai\travai\travai.csproj]
C:\Users\basant\source\repos\Travai\hotel\travai\travai\DTOs\ApiResponse.cs(12,16): warning CS8618: Non-nullable property 'Errors' must contain a non-null value when exiting constructor. Consider adding the 'required' modifier or declaring the property as nullable. [C:\Users\basant\source\repos\Travai\hotel\travai\travai\travai.csproj]
C:\Users\basant\source\repos\Travai\hotel\travai\travai\DTOs\ApiResponse.cs(19,22): warning CS8625: Cannot convert null literal to non-nullable reference type. [C:\Users\basant\source\repos\Travai\hotel\travai\travai\travai.csproj]
C:\Users\basant\source\repos\Travai\hotel\travai\travai\DTOs\ApiResponse.cs(14,16): warning CS8618: Non-nullable property 'Errors' must contain a non-null value when exiting constructor. Consider adding the 'required' modifier or declaring the property as nullable. [C:\Users\basant\source\repos\Travai\hotel\travai\travai\travai.csproj]
C:\Users\basant\source\repos\Travai\hotel\travai\travai\DTOs\ApiResponse.cs(26,20): warning CS8601: Possible null reference assignment. [C:\Users\basant\source\repos\Travai\hotel\travai\travai\travai.csproj]
C:\Users\basant\source\repos\Travai\hotel\travai\travai\DTOs\ApiResponse.cs(27,22): warning CS8625: Cannot convert null literal to non-nullable reference type. [C:\Users\basant\source\repos\Travai\hotel\travai\travai\travai.csproj]
C:\Users\basant\source\repos\Travai\hotel\travai\travai\DTOs\ApiResponse.cs(22,16): warning CS8618: Non-nullable property 'Data' must contain a non-null value when exiting constructor. Consider adding the 'required' modifier or declaring the property as nullable. [C:\Users\basant\source\repos\Travai\hotel\travai\travai\travai.csproj]
C:\Users\basant\source\repos\Travai\hotel\travai\travai\DTOs\ApiResponse.cs(22,16): warning CS8618: Non-nullable property 'Errors' must contain a non-null value when exiting constructor. Consider adding the 'required' modifier or declaring the property as nullable. [C:\Users\basant\source\repos\Travai\hotel\travai\travai\travai.csproj]
C:\Users\basant\source\repos\Travai\hotel\travai\travai\DTOs\ApiResponse.cs(34,20): warning CS8601: Possible null reference assignment. [C:\Users\basant\source\repos\Travai\hotel\travai\travai\travai.csproj]
C:\Users\basant\source\repos\Travai\hotel\travai\travai\DTOs\ApiResponse.cs(30,16): warning CS8618: Non-nullable property 'Data' must contain a non-null value when exiting constructor. Consider adding the 'required' modifier or declaring the property as nullable. [C:\Users\basant\source\repos\Travai\hotel\travai\travai\travai.csproj]
C:\Users\basant\source\repos\Travai\hotel\travai\travai\Models\UserPhone.cs(17,21): warning CS8618: Non-nullable property 'User' must contain a non-null value when exiting constructor. Consider adding the 'required' modifier or declaring the property as nullable. [C:\Users\basant\source\repos\Travai\hotel\travai\travai\travai.csproj]
C:\Users\basant\source\repos\Travai\hotel\travai\travai\Models\UserPhone.cs(21,23): warning CS8618: Non-nullable property 'PhoneNumber' must contain a non-null value when exiting constructor. Consider adding the 'required' modifier or declaring the property as nullable. [C:\Users\basant\source\repos\Travai\hotel\travai\travai\travai.csproj]
C:\Users\basant\source\repos\Travai\hotel\travai\travai\Models\User.cs(13,23): warning CS8618: Non-nullable property 'UserName' must contain a non-null value when exiting constructor. Consider adding the 'required' modifier or declaring the property as nullable. [C:\Users\basant\source\repos\Travai\hotel\travai\travai\travai.csproj]
C:\Users\basant\source\repos\Travai\hotel\travai\travai\Models\User.cs(14,23): warning CS8618: Non-nullable property 'Name' must contain a non-null value when exiting constructor. Consider adding the 'required' modifier or declaring the property as nullable. [C:\Users\basant\source\repos\Travai\hotel\travai\travai\travai.csproj]
C:\Users\basant\source\repos\Travai\hotel\travai\travai\Models\User.cs(15,23): warning CS8618: Non-nullable property 'Email' must contain a non-null value when exiting constructor. Consider adding the 'required' modifier or declaring the property as nullable. [C:\Users\basant\source\repos\Travai\hotel\travai\travai\travai.csproj]
C:\Users\basant\source\repos\Travai\hotel\travai\travai\Models\User.cs(16,23): warning CS8618: Non-nullable property 'PasswordHash' must contain a non-null value when exiting constructor. Consider adding the 'required' modifier or declaring the property as nullable. [C:\Users\basant\source\repos\Travai\hotel\travai\travai\travai.csproj]
C:\Users\basant\source\repos\Travai\hotel\travai\travai\Models\RefreshToken.cs(6,23): warning CS8618: Non-nullable property 'Token' must contain a non-null value when exiting constructor. Consider adding the 'required' modifier or declaring the property as nullable. [C:\Users\basant\source\repos\Travai\hotel\travai\travai\travai.csproj]
C:\Users\basant\source\repos\Travai\hotel\travai\travai\Models\RefreshToken.cs(9,23): warning CS8618: Non-nullable property 'CreatedByIp' must contain a non-null value when exiting constructor. Consider adding the 'required' modifier or declaring the property as nullable. [C:\Users\basant\source\repos\Travai\hotel\travai\travai\travai.csproj]
C:\Users\basant\source\repos\Travai\hotel\travai\travai\Models\RefreshToken.cs(17,21): warning CS8618: Non-nullable property 'User' must contain a non-null value when exiting constructor. Consider adding the 'required' modifier or declaring the property as nullable. [C:\Users\basant\source\repos\Travai\hotel\travai\travai\travai.csproj]
C:\Users\basant\source\repos\Travai\hotel\travai\travai\Models\Hotels\HotelPolicy.cs(16,22): warning CS8618: Non-nullable property 'Hotel' must contain a non-null value when exiting constructor. Consider adding the 'required' modifier or declaring the property as nullable. [C:\Users\basant\source\repos\Travai\hotel\travai\travai\travai.csproj]
C:\Users\basant\source\repos\Travai\hotel\travai\travai\Models\Hotels\HotelModels.cs(265,28): warning CS8618: Non-nullable property 'HotelPolicy' must contain a non-null value when exiting constructor. Consider adding the 'required' modifier or declaring the property as nullable. [C:\Users\basant\source\repos\Travai\hotel\travai\travai\travai.csproj]
C:\Users\basant\source\repos\Travai\hotel\travai\travai\Models\Hotels\HotelModels.cs(243,22): warning CS8618: Non-nullable property 'Hotel' must contain a non-null value when exiting constructor. Consider adding the 'required' modifier or declaring the property as nullable. [C:\Users\basant\source\repos\Travai\hotel\travai\travai\travai.csproj]
C:\Users\basant\source\repos\Travai\hotel\travai\travai\Models\Hotels\HotelModels.cs(247,21): warning CS8618: Non-nullable property 'User' must contain a non-null value when exiting constructor. Consider adding the 'required' modifier or declaring the property as nullable. [C:\Users\basant\source\repos\Travai\hotel\travai\travai\travai.csproj]
C:\Users\basant\source\repos\Travai\hotel\travai\travai\Models\Hotels\HotelModels.cs(228,22): warning CS8618: Non-nullable property 'Hotel' must contain a non-null value when exiting constructor. Consider adding the 'required' modifier or declaring the property as nullable. [C:\Users\basant\source\repos\Travai\hotel\travai\travai\travai.csproj]
C:\Users\basant\source\repos\Travai\hotel\travai\travai\Models\Hotels\HotelModels.cs(230,23): warning CS8618: Non-nullable property 'ImageUrl' must contain a non-null value when exiting constructor. Consider adding the 'required' modifier or declaring the property as nullable. [C:\Users\basant\source\repos\Travai\hotel\travai\travai\travai.csproj]
C:\Users\basant\source\repos\Travai\hotel\travai\travai\Models\Hotels\HotelModels.cs(195,22): warning CS8618: Non-nullable property 'Hotel' must contain a non-null value when exiting constructor. Consider adding the 'required' modifier or declaring the property as nullable. [C:\Users\basant\source\repos\Travai\hotel\travai\travai\travai.csproj]
C:\Users\basant\source\repos\Travai\hotel\travai\travai\Models\Hotels\HotelModels.cs(168,22): warning CS8618: Non-nullable property 'Hotel' must contain a non-null value when exiting constructor. Consider adding the 'required' modifier or declaring the property as nullable. [C:\Users\basant\source\repos\Travai\hotel\travai\travai\travai.csproj]
C:\Users\basant\source\repos\Travai\hotel\travai\travai\Models\Hotels\HotelModels.cs(172,24): warning CS8618: Non-nullable property 'Amenity' must contain a non-null value when exiting constructor. Consider adding the 'required' modifier or declaring the property as nullable. [C:\Users\basant\source\repos\Travai\hotel\travai\travai\travai.csproj]
C:\Users\basant\source\repos\Travai\hotel\travai\travai\Models\Hotels\HotelModels.cs(152,23): warning CS8618: Non-nullable property 'Name' must contain a non-null value when exiting constructor. Consider adding the 'required' modifier or declaring the property as nullable. [C:\Users\basant\source\repos\Travai\hotel\travai\travai\travai.csproj]
C:\Users\basant\source\repos\Travai\hotel\travai\travai\Models\Hotels\HotelModels.cs(137,22): warning CS8618: Non-nullable property 'Hotel' must contain a non-null value when exiting constructor. Consider adding the 'required' modifier or declaring the property as nullable. [C:\Users\basant\source\repos\Travai\hotel\travai\travai\travai.csproj]
C:\Users\basant\source\repos\Travai\hotel\travai\travai\Models\Hotels\HotelModels.cs(141,37): warning CS8618: Non-nullable property 'FieldDefinition' must contain a non-null value when exiting constructor. Consider adding the 'required' modifier or declaring the property as nullable. [C:\Users\basant\source\repos\Travai\hotel\travai\travai\travai.csproj]
C:\Users\basant\source\repos\Travai\hotel\travai\travai\Models\Hotels\HotelModels.cs(119,23): warning CS8618: Non-nullable property 'KeyName' must contain a non-null value when exiting constructor. Consider adding the 'required' modifier or declaring the property as nullable. [C:\Users\basant\source\repos\Travai\hotel\travai\travai\travai.csproj]
C:\Users\basant\source\repos\Travai\hotel\travai\travai\Models\Hotels\HotelModels.cs(120,23): warning CS8618: Non-nullable property 'DisplayName' must contain a non-null value when exiting constructor. Consider adding the 'required' modifier or declaring the property as nullable. [C:\Users\basant\source\repos\Travai\hotel\travai\travai\travai.csproj]
C:\Users\basant\source\repos\Travai\hotel\travai\travai\Models\Hotels\HotelModels.cs(102,22): warning CS8618: Non-nullable property 'Hotel' must contain a non-null value when exiting constructor. Consider adding the 'required' modifier or declaring the property as nullable. [C:\Users\basant\source\repos\Travai\hotel\travai\travai\travai.csproj]
C:\Users\basant\source\repos\Travai\hotel\travai\travai\Models\Hotels\HotelModels.cs(106,39): warning CS8618: Non-nullable property 'DocumentType' must contain a non-null value when exiting constructor. Consider adding the 'required' modifier or declaring the property as nullable. [C:\Users\basant\source\repos\Travai\hotel\travai\travai\travai.csproj]
C:\Users\basant\source\repos\Travai\hotel\travai\travai\Models\Hotels\HotelModels.cs(108,23): warning CS8618: Non-nullable property 'FileUrl' must contain a non-null value when exiting constructor. Consider adding the 'required' modifier or declaring the property as nullable. [C:\Users\basant\source\repos\Travai\hotel\travai\travai\travai.csproj]
C:\Users\basant\source\repos\Travai\hotel\travai\travai\Models\Hotels\HotelModels.cs(85,23): warning CS8618: Non-nullable property 'Name' must contain a non-null value when exiting constructor. Consider adding the 'required' modifier or declaring the property as nullable. [C:\Users\basant\source\repos\Travai\hotel\travai\travai\travai.csproj]
C:\Users\basant\source\repos\Travai\hotel\travai\travai\Models\Hotels\HotelModels.cs(86,23): warning CS8618: Non-nullable property 'KeyName' must contain a non-null value when exiting constructor. Consider adding the 'required' modifier or declaring the property as nullable. [C:\Users\basant\source\repos\Travai\hotel\travai\travai\travai.csproj]
C:\Users\basant\source\repos\Travai\hotel\travai\travai\Models\Hotels\HotelModels.cs(72,22): warning CS8618: Non-nullable property 'Hotel' must contain a non-null value when exiting constructor. Consider adding the 'required' modifier or declaring the property as nullable. [C:\Users\basant\source\repos\Travai\hotel\travai\travai\travai.csproj]
C:\Users\basant\source\repos\Travai\hotel\travai\travai\Models\Hotels\HotelModels.cs(75,23): warning CS8618: Non-nullable property 'ContactValue' must contain a non-null value when exiting constructor. Consider adding the 'required' modifier or declaring the property as nullable. [C:\Users\basant\source\repos\Travai\hotel\travai\travai\travai.csproj]
C:\Users\basant\source\repos\Travai\hotel\travai\travai\Models\Hotels\HotelModels.cs(19,21): warning CS8618: Non-nullable property 'User' must contain a non-null value when exiting constructor. Consider adding the 'required' modifier or declaring the property as nullable. [C:\Users\basant\source\repos\Travai\hotel\travai\travai\travai.csproj]
C:\Users\basant\source\repos\Travai\hotel\travai\travai\Models\Hotels\HotelModels.cs(22,23): warning CS8618: Non-nullable property 'HotelName' must contain a non-null value when exiting constructor. Consider adding the 'required' modifier or declaring the property as nullable. [C:\Users\basant\source\repos\Travai\hotel\travai\travai\travai.csproj]
C:\Users\basant\source\repos\Travai\hotel\travai\travai\Models\Hotels\Bookings\HotelBookingModels.cs(49,29): warning CS8618: Non-nullable property 'Booking' must contain a non-null value when exiting constructor. Consider adding the 'required' modifier or declaring the property as nullable. [C:\Users\basant\source\repos\Travai\hotel\travai\travai\travai.csproj]
C:\Users\basant\source\repos\Travai\hotel\travai\travai\Models\Hotels\Bookings\HotelBookingModels.cs(15,21): warning CS8618: Non-nullable property 'User' must contain a non-null value when exiting constructor. Consider adding the 'required' modifier or declaring the property as nullable. [C:\Users\basant\source\repos\Travai\hotel\travai\travai\travai.csproj]
C:\Users\basant\source\repos\Travai\hotel\travai\travai\Models\Hotels\Bookings\HotelBookingModels.cs(19,22): warning CS8618: Non-nullable property 'Hotel' must contain a non-null value when exiting constructor. Consider adding the 'required' modifier or declaring the property as nullable. [C:\Users\basant\source\repos\Travai\hotel\travai\travai\travai.csproj]
C:\Users\basant\source\repos\Travai\hotel\travai\travai\Repositories\GenericRepository\GenericRepository.cs(19,20): warning CS8603: Possible null reference return. [C:\Users\basant\source\repos\Travai\hotel\travai\travai\travai.csproj]
C:\Users\basant\source\repos\Travai\hotel\travai\travai\Repositories\GenericRepository\GenericRepository.cs(24,20): warning CS8603: Possible null reference return. [C:\Users\basant\source\repos\Travai\hotel\travai\travai\travai.csproj]
C:\Users\basant\source\repos\Travai\hotel\travai\travai\Services\TourGuide\TourGuideService.cs(314,28): warning CS8602: Dereference of a possibly null reference. [C:\Users\basant\source\repos\Travai\hotel\travai\travai\travai.csproj]
C:\Users\basant\source\repos\Travai\hotel\travai\travai\Services\TourGuide\TourGuideService.cs(316,23): warning CS8601: Possible null reference assignment. [C:\Users\basant\source\repos\Travai\hotel\travai\travai\travai.csproj]
C:\Users\basant\source\repos\Travai\hotel\travai\travai\Services\TourGuide\TourGuideService.cs(317,29): warning CS8601: Possible null reference assignment. [C:\Users\basant\source\repos\Travai\hotel\travai\travai\travai.csproj]
C:\Users\basant\source\repos\Travai\hotel\travai\travai\Services\TourGuide\TourGuideService.cs(318,31): warning CS8601: Possible null reference assignment. [C:\Users\basant\source\repos\Travai\hotel\travai\travai\travai.csproj]
C:\Users\basant\source\repos\Travai\hotel\travai\travai\Services\TourGuide\TourGuideService.cs(319,39): warning CS8601: Possible null reference assignment. [C:\Users\basant\source\repos\Travai\hotel\travai\travai\travai.csproj]
C:\Users\basant\source\repos\Travai\hotel\travai\travai\Services\TourGuide\TourGuideService.cs(320,38): warning CS8601: Possible null reference assignment. [C:\Users\basant\source\repos\Travai\hotel\travai\travai\travai.csproj]
C:\Users\basant\source\repos\Travai\hotel\travai\travai\Services\TourGuide\TourGuideService.cs(321,33): warning CS8601: Possible null reference assignment. [C:\Users\basant\source\repos\Travai\hotel\travai\travai\travai.csproj]
C:\Users\basant\source\repos\Travai\hotel\travai\travai\Services\TourGuide\TourGuideService.cs(323,35): warning CS8601: Possible null reference assignment. [C:\Users\basant\source\repos\Travai\hotel\travai\travai\travai.csproj]
C:\Users\basant\source\repos\Travai\hotel\travai\travai\DTOs\TourGuide\WithdrawRequest\WithdrawRequestResponseDto.cs(10,23): warning CS8618: Non-nullable property 'TourGuideName' must contain a non-null value when exiting constructor. Consider adding the 'required' modifier or declaring the property as nullable. [C:\Users\basant\source\repos\Travai\hotel\travai\travai\travai.csproj]
C:\Users\basant\source\repos\Travai\hotel\travai\travai\DTOs\TourGuide\WithdrawRequest\WithdrawRequestResponseDto.cs(12,23): warning CS8618: Non-nullable property 'Status' must contain a non-null value when exiting constructor. Consider adding the 'required' modifier or declaring the property as nullable. [C:\Users\basant\source\repos\Travai\hotel\travai\travai\travai.csproj]
C:\Users\basant\source\repos\Travai\hotel\travai\travai\DTOs\TourGuide\WithdrawRequest\ProcessWithdrawRequestDto.cs(10,23): warning CS8618: Non-nullable property 'Status' must contain a non-null value when exiting constructor. Consider adding the 'required' modifier or declaring the property as nullable. [C:\Users\basant\source\repos\Travai\hotel\travai\travai\travai.csproj]
C:\Users\basant\source\repos\Travai\hotel\travai\travai\DTOs\TourGuide\UrgentRequest\UrgentRequestResponseDto.cs(10,23): warning CS8618: Non-nullable property 'TourGuideName' must contain a non-null value when exiting constructor. Consider adding the 'required' modifier or declaring the property as nullable. [C:\Users\basant\source\repos\Travai\hotel\travai\travai\travai.csproj]
C:\Users\basant\source\repos\Travai\hotel\travai\travai\DTOs\TourGuide\UrgentRequest\UrgentRequestResponseDto.cs(12,23): warning CS8618: Non-nullable property 'TourTitle' must contain a non-null value when exiting constructor. Consider adding the 'required' modifier or declaring the property as nullable. [C:\Users\basant\source\repos\Travai\hotel\travai\travai\travai.csproj]
C:\Users\basant\source\repos\Travai\hotel\travai\travai\DTOs\TourGuide\UrgentRequest\UrgentRequestResponseDto.cs(13,23): warning CS8618: Non-nullable property 'Reason' must contain a non-null value when exiting constructor. Consider adding the 'required' modifier or declaring the property as nullable. [C:\Users\basant\source\repos\Travai\hotel\travai\travai\travai.csproj]
C:\Users\basant\source\repos\Travai\hotel\travai\travai\DTOs\TourGuide\UrgentRequest\UrgentRequestResponseDto.cs(15,23): warning CS8618: Non-nullable property 'Status' must contain a non-null value when exiting constructor. Consider adding the 'required' modifier or declaring the property as nullable. [C:\Users\basant\source\repos\Travai\hotel\travai\travai\travai.csproj]
C:\Users\basant\source\repos\Travai\hotel\travai\travai\DTOs\TourGuide\UrgentRequest\UrgentRequestDtos.cs(20,23): warning CS8618: Non-nullable property 'Status' must contain a non-null value when exiting constructor. Consider adding the 'required' modifier or declaring the property as nullable. [C:\Users\basant\source\repos\Travai\hotel\travai\travai\travai.csproj]
C:\Users\basant\source\repos\Travai\hotel\travai\travai\DTOs\TourGuide\UrgentRequest\UrgentRequestDtos.cs(12,23): warning CS8618: Non-nullable property 'Reason' must contain a non-null value when exiting constructor. Consider adding the 'required' modifier or declaring the property as nullable. [C:\Users\basant\source\repos\Travai\hotel\travai\travai\travai.csproj]
C:\Users\basant\source\repos\Travai\hotel\travai\travai\DTOs\TourGuide\Tour\TourResponseDto.cs(50,23): warning CS8618: Non-nullable property 'ImageUrl' must contain a non-null value when exiting constructor. Consider adding the 'required' modifier or declaring the property as nullable. [C:\Users\basant\source\repos\Travai\hotel\travai\travai\travai.csproj]
C:\Users\basant\source\repos\Travai\hotel\travai\travai\DTOs\TourGuide\Tour\TourResponseDto.cs(13,23): warning CS8618: Non-nullable property 'TourGuideName' must contain a non-null value when exiting constructor. Consider adding the 'required' modifier or declaring the property as nullable. [C:\Users\basant\source\repos\Travai\hotel\travai\travai\travai.csproj]
C:\Users\basant\source\repos\Travai\hotel\travai\travai\DTOs\TourGuide\Tour\TourResponseDto.cs(15,23): warning CS8618: Non-nullable property 'TourTitle' must contain a non-null value when exiting constructor. Consider adding the 'required' modifier or declaring the property as nullable. [C:\Users\basant\source\repos\Travai\hotel\travai\travai\travai.csproj]
C:\Users\basant\source\repos\Travai\hotel\travai\travai\DTOs\TourGuide\Tour\TourResponseDto.cs(19,23): warning CS8618: Non-nullable property 'Currency' must contain a non-null value when exiting constructor. Consider adding the 'required' modifier or declaring the property as nullable. [C:\Users\basant\source\repos\Travai\hotel\travai\travai\travai.csproj]
C:\Users\basant\source\repos\Travai\hotel\travai\travai\DTOs\TourGuide\Tour\TourDto.cs(54,23): warning CS8618: Non-nullable property 'ImageUrl' must contain a non-null value when exiting constructor. Consider adding the 'required' modifier or declaring the property as nullable. [C:\Users\basant\source\repos\Travai\hotel\travai\travai\travai.csproj]
C:\Users\basant\source\repos\Travai\hotel\travai\travai\DTOs\TourGuide\Tour\TourDto.cs(15,23): warning CS8618: Non-nullable property 'TourTitle' must contain a non-null value when exiting constructor. Consider adding the 'required' modifier or declaring the property as nullable. [C:\Users\basant\source\repos\Travai\hotel\travai\travai\travai.csproj]
C:\Users\basant\source\repos\Travai\hotel\travai\travai\DTOs\TourGuide\TourGuide\UpdateLicenseDto.cs(8,23): warning CS8618: Non-nullable property 'LicenseIdFrontPhoto' must contain a non-null value when exiting constructor. Consider adding the 'required' modifier or declaring the property as nullable. [C:\Users\basant\source\repos\Travai\hotel\travai\travai\travai.csproj]
C:\Users\basant\source\repos\Travai\hotel\travai\travai\DTOs\TourGuide\TourGuide\UpdateLicenseDto.cs(9,23): warning CS8618: Non-nullable property 'LicenseIdBackPhoto' must contain a non-null value when exiting constructor. Consider adding the 'required' modifier or declaring the property as nullable. [C:\Users\basant\source\repos\Travai\hotel\travai\travai\travai.csproj]
C:\Users\basant\source\repos\Travai\hotel\travai\travai\DTOs\TourGuide\TourGuide\TourGuideResponseDto.cs(49,23): warning CS8618: Non-nullable property 'City' must contain a non-null value when exiting constructor. Consider adding the 'required' modifier or declaring the property as nullable. [C:\Users\basant\source\repos\Travai\hotel\travai\travai\travai.csproj]
C:\Users\basant\source\repos\Travai\hotel\travai\travai\DTOs\TourGuide\TourGuide\TourGuideResponseDto.cs(38,23): warning CS8618: Non-nullable property 'PhoneNumber' must contain a non-null value when exiting constructor. Consider adding the 'required' modifier or declaring the property as nullable. [C:\Users\basant\source\repos\Travai\hotel\travai\travai\travai.csproj]
C:\Users\basant\source\repos\Travai\hotel\travai\travai\DTOs\TourGuide\TourGuide\TourGuideResponseDto.cs(32,23): warning CS8618: Non-nullable property 'Email' must contain a non-null value when exiting constructor. Consider adding the 'required' modifier or declaring the property as nullable. [C:\Users\basant\source\repos\Travai\hotel\travai\travai\travai.csproj]
C:\Users\basant\source\repos\Travai\hotel\travai\travai\DTOs\TourGuide\TourGuide\TourGuideResponseDto.cs(12,23): warning CS8618: Non-nullable property 'UserName' must contain a non-null value when exiting constructor. Consider adding the 'required' modifier or declaring the property as nullable. [C:\Users\basant\source\repos\Travai\hotel\travai\travai\travai.csproj]
C:\Users\basant\source\repos\Travai\hotel\travai\travai\DTOs\TourGuide\TourGuide\TourGuideResponseDto.cs(13,23): warning CS8618: Non-nullable property 'Name' must contain a non-null value when exiting constructor. Consider adding the 'required' modifier or declaring the property as nullable. [C:\Users\basant\source\repos\Travai\hotel\travai\travai\travai.csproj]
C:\Users\basant\source\repos\Travai\hotel\travai\travai\DTOs\TourGuide\TourGuide\TourGuideResponseDto.cs(14,23): warning CS8618: Non-nullable property 'Bio' must contain a non-null value when exiting constructor. Consider adding the 'required' modifier or declaring the property as nullable. [C:\Users\basant\source\repos\Travai\hotel\travai\travai\travai.csproj]
C:\Users\basant\source\repos\Travai\hotel\travai\travai\DTOs\TourGuide\TourGuide\TourGuideResponseDto.cs(15,23): warning CS8618: Non-nullable property 'LicenseId' must contain a non-null value when exiting constructor. Consider adding the 'required' modifier or declaring the property as nullable. [C:\Users\basant\source\repos\Travai\hotel\travai\travai\travai.csproj]
C:\Users\basant\source\repos\Travai\hotel\travai\travai\DTOs\TourGuide\TourGuide\TourGuideResponseDto.cs(16,23): warning CS8618: Non-nullable property 'LicenseCard' must contain a non-null value when exiting constructor. Consider adding the 'required' modifier or declaring the property as nullable. [C:\Users\basant\source\repos\Travai\hotel\travai\travai\travai.csproj]
C:\Users\basant\source\repos\Travai\hotel\travai\travai\DTOs\TourGuide\TourGuide\TourGuideResponseDto.cs(17,23): warning CS8618: Non-nullable property 'LicenseIdFrontPhoto' must contain a non-null value when exiting constructor. Consider adding the 'required' modifier or declaring the property as nullable. [C:\Users\basant\source\repos\Travai\hotel\travai\travai\travai.csproj]
C:\Users\basant\source\repos\Travai\hotel\travai\travai\DTOs\TourGuide\TourGuide\TourGuideResponseDto.cs(18,23): warning CS8618: Non-nullable property 'LicenseIdBackPhoto' must contain a non-null value when exiting constructor. Consider adding the 'required' modifier or declaring the property as nullable. [C:\Users\basant\source\repos\Travai\hotel\travai\travai\travai.csproj]
C:\Users\basant\source\repos\Travai\hotel\travai\travai\DTOs\TourGuide\TourGuide\TourGuideResponseDto.cs(19,23): warning CS8618: Non-nullable property 'Certification' must contain a non-null value when exiting constructor. Consider adding the 'required' modifier or declaring the property as nullable. [C:\Users\basant\source\repos\Travai\hotel\travai\travai\travai.csproj]
C:\Users\basant\source\repos\Travai\hotel\travai\travai\DTOs\TourGuide\TourGuide\TourGuideResponseDto.cs(20,23): warning CS8618: Non-nullable property 'Status' must contain a non-null value when exiting constructor. Consider adding the 'required' modifier or declaring the property as nullable. [C:\Users\basant\source\repos\Travai\hotel\travai\travai\travai.csproj]
C:\Users\basant\source\repos\Travai\hotel\travai\travai\DTOs\TourGuide\TourGuide\TourGuideResponseDto.cs(21,23): warning CS8618: Non-nullable property 'RejectionReason' must contain a non-null value when exiting constructor. Consider adding the 'required' modifier or declaring the property as nullable. [C:\Users\basant\source\repos\Travai\hotel\travai\travai\travai.csproj]
C:\Users\basant\source\repos\Travai\hotel\travai\travai\DTOs\TourGuide\TourGuide\TourGuideResponseDto.cs(24,40): warning CS8618: Non-nullable property 'Emails' must contain a non-null value when exiting constructor. Consider adding the 'required' modifier or declaring the property as nullable. [C:\Users\basant\source\repos\Travai\hotel\travai\travai\travai.csproj]
C:\Users\basant\source\repos\Travai\hotel\travai\travai\DTOs\TourGuide\TourGuide\TourGuideResponseDto.cs(25,40): warning CS8618: Non-nullable property 'Phones' must contain a non-null value when exiting constructor. Consider adding the 'required' modifier or declaring the property as nullable. [C:\Users\basant\source\repos\Travai\hotel\travai\travai\travai.csproj]
C:\Users\basant\source\repos\Travai\hotel\travai\travai\DTOs\TourGuide\TourGuide\TourGuideResponseDto.cs(26,43): warning CS8618: Non-nullable property 'Languages' must contain a non-null value when exiting constructor. Consider adding the 'required' modifier or declaring the property as nullable. [C:\Users\basant\source\repos\Travai\hotel\travai\travai\travai.csproj]
C:\Users\basant\source\repos\Travai\hotel\travai\travai\DTOs\TourGuide\TourGuide\TourGuideResponseDto.cs(27,39): warning CS8618: Non-nullable property 'Cities' must contain a non-null value when exiting constructor. Consider adding the 'required' modifier or declaring the property as nullable. [C:\Users\basant\source\repos\Travai\hotel\travai\travai\travai.csproj]
C:\Users\basant\source\repos\Travai\hotel\travai\travai\DTOs\TourGuide\TourGuide\TourGuideApplicationDto.cs(12,23): warning CS8618: Non-nullable property 'Name' must contain a non-null value when exiting constructor. Consider adding the 'required' modifier or declaring the property as nullable. [C:\Users\basant\source\repos\Travai\hotel\travai\travai\travai.csproj]
C:\Users\basant\source\repos\Travai\hotel\travai\travai\DTOs\TourGuide\TourGuide\RejectApplicationDto.cs(9,23): warning CS8618: Non-nullable property 'Reason' must contain a non-null value when exiting constructor. Consider adding the 'required' modifier or declaring the property as nullable. [C:\Users\basant\source\repos\Travai\hotel\travai\travai\travai.csproj]
C:\Users\basant\source\repos\Travai\hotel\travai\travai\DTOs\TourGuide\Review\ReviewDto.cs(10,23): warning CS8618: Non-nullable property 'UserName' must contain a non-null value when exiting constructor. Consider adding the 'required' modifier or declaring the property as nullable. [C:\Users\basant\source\repos\Travai\hotel\travai\travai\travai.csproj]
C:\Users\basant\source\repos\Travai\hotel\travai\travai\DTOs\TourGuide\Review\ReviewDto.cs(14,23): warning CS8618: Non-nullable property 'Comment' must contain a non-null value when exiting constructor. Consider adding the 'required' modifier or declaring the property as nullable. [C:\Users\basant\source\repos\Travai\hotel\travai\travai\travai.csproj]
C:\Users\basant\source\repos\Travai\hotel\travai\travai\DTOs\TourGuide\Booking\ParticipantDto.cs(42,23): warning CS8618: Non-nullable property 'EmergencyName' must contain a non-null value when exiting constructor. Consider adding the 'required' modifier or declaring the property as nullable. [C:\Users\basant\source\repos\Travai\hotel\travai\travai\travai.csproj]
C:\Users\basant\source\repos\Travai\hotel\travai\travai\DTOs\TourGuide\Booking\ParticipantDto.cs(45,23): warning CS8618: Non-nullable property 'PhoneNumber' must contain a non-null value when exiting constructor. Consider adding the 'required' modifier or declaring the property as nullable. [C:\Users\basant\source\repos\Travai\hotel\travai\travai\travai.csproj]
C:\Users\basant\source\repos\Travai\hotel\travai\travai\DTOs\TourGuide\Booking\ParticipantDto.cs(19,23): warning CS8618: Non-nullable property 'FirstName' must contain a non-null value when exiting constructor. Consider adding the 'required' modifier or declaring the property as nullable. [C:\Users\basant\source\repos\Travai\hotel\travai\travai\travai.csproj]
C:\Users\basant\source\repos\Travai\hotel\travai\travai\DTOs\TourGuide\Booking\ParticipantDto.cs(24,23): warning CS8618: Non-nullable property 'LastName' must contain a non-null value when exiting constructor. Consider adding the 'required' modifier or declaring the property as nullable. [C:\Users\basant\source\repos\Travai\hotel\travai\travai\travai.csproj]
C:\Users\basant\source\repos\Travai\hotel\travai\travai\DTOs\TourGuide\Booking\BookingResponseDto.cs(56,23): warning CS8618: Non-nullable property 'EmergencyName' must contain a non-null value when exiting constructor. Consider adding the 'required' modifier or declaring the property as nullable. [C:\Users\basant\source\repos\Travai\hotel\travai\travai\travai.csproj]
C:\Users\basant\source\repos\Travai\hotel\travai\travai\DTOs\TourGuide\Booking\BookingResponseDto.cs(57,23): warning CS8618: Non-nullable property 'PhoneNumber' must contain a non-null value when exiting constructor. Consider adding the 'required' modifier or declaring the property as nullable. [C:\Users\basant\source\repos\Travai\hotel\travai\travai\travai.csproj]
C:\Users\basant\source\repos\Travai\hotel\travai\travai\Models\TourGuide\WithdrawRequest.cs(17,26): warning CS8618: Non-nullable property 'TourGuide' must contain a non-null value when exiting constructor. Consider adding the 'required' modifier or declaring the property as nullable. [C:\Users\basant\source\repos\Travai\hotel\travai\travai\travai.csproj]
C:\Users\basant\source\repos\Travai\hotel\travai\travai\Models\TourGuide\UrgentRequest.cs(17,26): warning CS8618: Non-nullable property 'TourGuide' must contain a non-null value when exiting constructor. Consider adding the 'required' modifier or declaring the property as nullable. [C:\Users\basant\source\repos\Travai\hotel\travai\travai\travai.csproj]
C:\Users\basant\source\repos\Travai\hotel\travai\travai\Models\TourGuide\UrgentRequest.cs(21,21): warning CS8618: Non-nullable property 'Tour' must contain a non-null value when exiting constructor. Consider adding the 'required' modifier or declaring the property as nullable. [C:\Users\basant\source\repos\Travai\hotel\travai\travai\travai.csproj]
C:\Users\basant\source\repos\Travai\hotel\travai\travai\Models\TourGuide\UrgentRequest.cs(24,23): warning CS8618: Non-nullable property 'Reason' must contain a non-null value when exiting constructor. Consider adding the 'required' modifier or declaring the property as nullable. [C:\Users\basant\source\repos\Travai\hotel\travai\travai\travai.csproj]
C:\Users\basant\source\repos\Travai\hotel\travai\travai\Models\TourGuide\TourParticipantPhone.cs(15,39): warning CS8618: Non-nullable property 'Participant' must contain a non-null value when exiting constructor. Consider adding the 'required' modifier or declaring the property as nullable. [C:\Users\basant\source\repos\Travai\hotel\travai\travai\travai.csproj]
C:\Users\basant\source\repos\Travai\hotel\travai\travai\Models\TourGuide\TourParticipantPhone.cs(18,23): warning CS8618: Non-nullable property 'PhoneNumber' must contain a non-null value when exiting constructor. Consider adding the 'required' modifier or declaring the property as nullable. [C:\Users\basant\source\repos\Travai\hotel\travai\travai\travai.csproj]
C:\Users\basant\source\repos\Travai\hotel\travai\travai\Models\TourGuide\TourParticipantEmergencyNumber.cs(15,39): warning CS8618: Non-nullable property 'Participant' must contain a non-null value when exiting constructor. Consider adding the 'required' modifier or declaring the property as nullable. [C:\Users\basant\source\repos\Travai\hotel\travai\travai\travai.csproj]
C:\Users\basant\source\repos\Travai\hotel\travai\travai\Models\TourGuide\TourParticipantEmergencyNumber.cs(18,23): warning CS8618: Non-nullable property 'EmergencyName' must contain a non-null value when exiting constructor. Consider adding the 'required' modifier or declaring the property as nullable. [C:\Users\basant\source\repos\Travai\hotel\travai\travai\travai.csproj]
C:\Users\basant\source\repos\Travai\hotel\travai\travai\Models\TourGuide\TourParticipantEmergencyNumber.cs(21,23): warning CS8618: Non-nullable property 'PhoneNumber' must contain a non-null value when exiting constructor. Consider adding the 'required' modifier or declaring the property as nullable. [C:\Users\basant\source\repos\Travai\hotel\travai\travai\travai.csproj]
C:\Users\basant\source\repos\Travai\hotel\travai\travai\Models\TourGuide\TourImage.cs(15,21): warning CS8618: Non-nullable property 'Tour' must contain a non-null value when exiting constructor. Consider adding the 'required' modifier or declaring the property as nullable. [C:\Users\basant\source\repos\Travai\hotel\travai\travai\travai.csproj]
C:\Users\basant\source\repos\Travai\hotel\travai\travai\Models\TourGuide\TourImage.cs(18,23): warning CS8618: Non-nullable property 'ImageUrl' must contain a non-null value when exiting constructor. Consider adding the 'required' modifier or declaring the property as nullable. [C:\Users\basant\source\repos\Travai\hotel\travai\travai\travai.csproj]
C:\Users\basant\source\repos\Travai\hotel\travai\travai\Models\TourGuide\TourGuidePhone.cs(15,26): warning CS8618: Non-nullable property 'TourGuide' must contain a non-null value when exiting constructor. Consider adding the 'required' modifier or declaring the property as nullable. [C:\Users\basant\source\repos\Travai\hotel\travai\travai\travai.csproj]
C:\Users\basant\source\repos\Travai\hotel\travai\travai\Models\TourGuide\TourGuidePhone.cs(18,23): warning CS8618: Non-nullable property 'PhoneNumber' must contain a non-null value when exiting constructor. Consider adding the 'required' modifier or declaring the property as nullable. [C:\Users\basant\source\repos\Travai\hotel\travai\travai\travai.csproj]
C:\Users\basant\source\repos\Travai\hotel\travai\travai\Models\TourGuide\TourGuideLanguage.cs(16,26): warning CS8618: Non-nullable property 'TourGuide' must contain a non-null value when exiting constructor. Consider adding the 'required' modifier or declaring the property as nullable. [C:\Users\basant\source\repos\Travai\hotel\travai\travai\travai.csproj]
C:\Users\basant\source\repos\Travai\hotel\travai\travai\Models\TourGuide\TourGuideEmail.cs(15,26): warning CS8618: Non-nullable property 'TourGuide' must contain a non-null value when exiting constructor. Consider adding the 'required' modifier or declaring the property as nullable. [C:\Users\basant\source\repos\Travai\hotel\travai\travai\travai.csproj]
C:\Users\basant\source\repos\Travai\hotel\travai\travai\Models\TourGuide\TourGuideEmail.cs(19,23): warning CS8618: Non-nullable property 'Email' must contain a non-null value when exiting constructor. Consider adding the 'required' modifier or declaring the property as nullable. [C:\Users\basant\source\repos\Travai\hotel\travai\travai\travai.csproj]
C:\Users\basant\source\repos\Travai\hotel\travai\travai\Models\TourGuide\TourGuideCity.cs(15,26): warning CS8618: Non-nullable property 'TourGuide' must contain a non-null value when exiting constructor. Consider adding the 'required' modifier or declaring the property as nullable. [C:\Users\basant\source\repos\Travai\hotel\travai\travai\travai.csproj]
C:\Users\basant\source\repos\Travai\hotel\travai\travai\Models\TourGuide\TourGuideCity.cs(18,23): warning CS8618: Non-nullable property 'City' must contain a non-null value when exiting constructor. Consider adding the 'required' modifier or declaring the property as nullable. [C:\Users\basant\source\repos\Travai\hotel\travai\travai\travai.csproj]
C:\Users\basant\source\repos\Travai\hotel\travai\travai\Models\TourGuide\TourGuide.cs(18,21): warning CS8618: Non-nullable property 'User' must contain a non-null value when exiting constructor. Consider adding the 'required' modifier or declaring the property as nullable. [C:\Users\basant\source\repos\Travai\hotel\travai\travai\travai.csproj]
C:\Users\basant\source\repos\Travai\hotel\travai\travai\Models\TourGuide\TourGuide.cs(21,23): warning CS8618: Non-nullable property 'Name' must contain a non-null value when exiting constructor. Consider adding the 'required' modifier or declaring the property as nullable. [C:\Users\basant\source\repos\Travai\hotel\travai\travai\travai.csproj]
C:\Users\basant\source\repos\Travai\hotel\travai\travai\Models\TourGuide\TourBookingPayment.cs(18,21): warning CS8618: Non-nullable property 'User' must contain a non-null value when exiting constructor. Consider adding the 'required' modifier or declaring the property as nullable. [C:\Users\basant\source\repos\Travai\hotel\travai\travai\travai.csproj]
C:\Users\basant\source\repos\Travai\hotel\travai\travai\Models\TourGuide\TourBookingPayment.cs(22,28): warning CS8618: Non-nullable property 'Booking' must contain a non-null value when exiting constructor. Consider adding the 'required' modifier or declaring the property as nullable. [C:\Users\basant\source\repos\Travai\hotel\travai\travai\travai.csproj]
C:\Users\basant\source\repos\Travai\hotel\travai\travai\Models\TourGuide\TourBookingParticipant.cs(18,28): warning CS8618: Non-nullable property 'Booking' must contain a non-null value when exiting constructor. Consider adding the 'required' modifier or declaring the property as nullable. [C:\Users\basant\source\repos\Travai\hotel\travai\travai\travai.csproj]
C:\Users\basant\source\repos\Travai\hotel\travai\travai\Models\TourGuide\TourBookingParticipant.cs(27,23): warning CS8618: Non-nullable property 'FirstName' must contain a non-null value when exiting constructor. Consider adding the 'required' modifier or declaring the property as nullable. [C:\Users\basant\source\repos\Travai\hotel\travai\travai\travai.csproj]
C:\Users\basant\source\repos\Travai\hotel\travai\travai\Models\TourGuide\TourBookingParticipant.cs(31,23): warning CS8618: Non-nullable property 'LastName' must contain a non-null value when exiting constructor. Consider adding the 'required' modifier or declaring the property as nullable. [C:\Users\basant\source\repos\Travai\hotel\travai\travai\travai.csproj]
C:\Users\basant\source\repos\Travai\hotel\travai\travai\Models\TourGuide\TourBooking.cs(20,21): warning CS8618: Non-nullable property 'User' must contain a non-null value when exiting constructor. Consider adding the 'required' modifier or declaring the property as nullable. [C:\Users\basant\source\repos\Travai\hotel\travai\travai\travai.csproj]
C:\Users\basant\source\repos\Travai\hotel\travai\travai\Models\TourGuide\TourBooking.cs(24,21): warning CS8618: Non-nullable property 'Tour' must contain a non-null value when exiting constructor. Consider adding the 'required' modifier or declaring the property as nullable. [C:\Users\basant\source\repos\Travai\hotel\travai\travai\travai.csproj]
C:\Users\basant\source\repos\Travai\hotel\travai\travai\Models\TourGuide\TourBooking.cs(28,26): warning CS8618: Non-nullable property 'TourGuide' must contain a non-null value when exiting constructor. Consider adding the 'required' modifier or declaring the property as nullable. [C:\Users\basant\source\repos\Travai\hotel\travai\travai\travai.csproj]
C:\Users\basant\source\repos\Travai\hotel\travai\travai\Models\TourGuide\Tour.cs(18,26): warning CS8618: Non-nullable property 'TourGuide' must contain a non-null value when exiting constructor. Consider adding the 'required' modifier or declaring the property as nullable. [C:\Users\basant\source\repos\Travai\hotel\travai\travai\travai.csproj]
C:\Users\basant\source\repos\Travai\hotel\travai\travai\Models\TourGuide\Tour.cs(23,23): warning CS8618: Non-nullable property 'TourTitle' must contain a non-null value when exiting constructor. Consider adding the 'required' modifier or declaring the property as nullable. [C:\Users\basant\source\repos\Travai\hotel\travai\travai\travai.csproj]
C:\Users\basant\source\repos\Travai\hotel\travai\travai\Models\TourGuide\Review.cs(16,21): warning CS8618: Non-nullable property 'User' must contain a non-null value when exiting constructor. Consider adding the 'required' modifier or declaring the property as nullable. [C:\Users\basant\source\repos\Travai\hotel\travai\travai\travai.csproj]
C:\Users\basant\source\repos\Travai\hotel\travai\travai\Models\TourGuide\Review.cs(20,26): warning CS8618: Non-nullable property 'TourGuide' must contain a non-null value when exiting constructor. Consider adding the 'required' modifier or declaring the property as nullable. [C:\Users\basant\source\repos\Travai\hotel\travai\travai\travai.csproj]
C:\Users\basant\source\repos\Travai\hotel\travai\travai\Models\TourGuide\Review.cs(24,21): warning CS8618: Non-nullable property 'Tour' must contain a non-null value when exiting constructor. Consider adding the 'required' modifier or declaring the property as nullable. [C:\Users\basant\source\repos\Travai\hotel\travai\travai\travai.csproj]
C:\Users\basant\source\repos\Travai\hotel\travai\travai\Models\TourGuide\Review.cs(30,23): warning CS8618: Non-nullable property 'Comment' must contain a non-null value when exiting constructor. Consider adding the 'required' modifier or declaring the property as nullable. [C:\Users\basant\source\repos\Travai\hotel\travai\travai\travai.csproj]
C:\Users\basant\source\repos\Travai\hotel\travai\travai\Services\TourGuide\BookingService.cs(269,41): warning CS8603: Possible null reference return. [C:\Users\basant\source\repos\Travai\hotel\travai\travai\travai.csproj]
C:\Users\basant\source\repos\Travai\hotel\travai\travai\DTOs\TourGuide\Booking\BookingResponseDto.cs(16,23): warning CS8618: Non-nullable property 'TourTitle' must contain a non-null value when exiting constructor. Consider adding the 'required' modifier or declaring the property as nullable. [C:\Users\basant\source\repos\Travai\hotel\travai\travai\travai.csproj]
C:\Users\basant\source\repos\Travai\hotel\travai\travai\DTOs\TourGuide\Booking\BookingResponseDto.cs(18,23): warning CS8618: Non-nullable property 'TourGuideName' must contain a non-null value when exiting constructor. Consider adding the 'required' modifier or declaring the property as nullable. [C:\Users\basant\source\repos\Travai\hotel\travai\travai\travai.csproj]
C:\Users\basant\source\repos\Travai\hotel\travai\travai\DTOs\TourGuide\Booking\BookingResponseDto.cs(24,23): warning CS8618: Non-nullable property 'Currency' must contain a non-null value when exiting constructor. Consider adding the 'required' modifier or declaring the property as nullable. [C:\Users\basant\source\repos\Travai\hotel\travai\travai\travai.csproj]
C:\Users\basant\source\repos\Travai\hotel\travai\travai\DTOs\TourGuide\Booking\BookingResponseDto.cs(39,23): warning CS8618: Non-nullable property 'FirstName' must contain a non-null value when exiting constructor. Consider adding the 'required' modifier or declaring the property as nullable. [C:\Users\basant\source\repos\Travai\hotel\travai\travai\travai.csproj]
C:\Users\basant\source\repos\Travai\hotel\travai\travai\DTOs\TourGuide\Booking\BookingResponseDto.cs(41,23): warning CS8618: Non-nullable property 'LastName' must contain a non-null value when exiting constructor. Consider adding the 'required' modifier or declaring the property as nullable. [C:\Users\basant\source\repos\Travai\hotel\travai\travai\travai.csproj]
C:\Users\basant\source\repos\Travai\hotel\travai\travai\Data\DbSeeder.cs(207,102): error CS0117: 'BookingStatus' does not contain a definition for 'Active' [C:\Users\basant\source\repos\Travai\hotel\travai\travai\travai.csproj]
    228 Warning(s)
    1 Error(s)

Time Elapsed 00:00:05.01

Workload updates are available. Run `dotnet workload list` for more information.
